Archive member included to satisfy reference by file (symbol)

/home/sudmi/workspace/edk2/Build/MdeModule/DEBUG_GCC5/X64/MdeModulePkg/Bus/Usb/UsbNetwork/UsbCdcEcm/UsbCdcEcm/OUTPUT/UsbCdcEcm.lib(UsbCdcEcm.obj)
                              (--whole-archive)
/home/sudmi/workspace/edk2/Build/MdeModule/DEBUG_GCC5/X64/MdeModulePkg/Bus/Usb/UsbNetwork/UsbCdcEcm/UsbCdcEcm/OUTPUT/UsbCdcEcm.lib(UsbEcmFunction.obj)
                              (--whole-archive)
/home/sudmi/workspace/edk2/Build/MdeModule/DEBUG_GCC5/X64/MdeModulePkg/Bus/Usb/UsbNetwork/UsbCdcEcm/UsbCdcEcm/OUTPUT/UsbCdcEcm.lib(ComponentName.obj)
                              (--whole-archive)
/home/sudmi/workspace/edk2/Build/MdeModule/DEBUG_GCC5/X64/MdeModulePkg/Bus/Usb/UsbNetwork/UsbCdcEcm/UsbCdcEcm/OUTPUT/UsbCdcEcm.lib(AutoGen.obj)
                              (--whole-archive)
/home/sudmi/workspace/edk2/Build/MdeModule/DEBUG_GCC5/X64/MdePkg/Library/RegisterFilterLibNull/RegisterFilterLibNull/OUTPUT/FilterLibNull.lib(RegisterFilterLibNull.obj)
                              (--whole-archive)
/home/sudmi/workspace/edk2/Build/MdeModule/DEBUG_GCC5/X64/MdePkg/Library/BasePcdLibNull/BasePcdLibNull/OUTPUT/BasePcdLibNull.lib(PcdLib.obj)
                              (--whole-archive)
/home/sudmi/workspace/edk2/Build/MdeModule/DEBUG_GCC5/X64/MdePkg/Library/BaseLib/BaseLib/OUTPUT/BaseLib.lib(CheckSum.obj)
                              (--whole-archive)
/home/sudmi/workspace/edk2/Build/MdeModule/DEBUG_GCC5/X64/MdePkg/Library/BaseLib/BaseLib/OUTPUT/BaseLib.lib(SwitchStack.obj)
                              (--whole-archive)
/home/sudmi/workspace/edk2/Build/MdeModule/DEBUG_GCC5/X64/MdePkg/Library/BaseLib/BaseLib/OUTPUT/BaseLib.lib(SwapBytes64.obj)
                              (--whole-archive)
/home/sudmi/workspace/edk2/Build/MdeModule/DEBUG_GCC5/X64/MdePkg/Library/BaseLib/BaseLib/OUTPUT/BaseLib.lib(SwapBytes32.obj)
                              (--whole-archive)
/home/sudmi/workspace/edk2/Build/MdeModule/DEBUG_GCC5/X64/MdePkg/Library/BaseLib/BaseLib/OUTPUT/BaseLib.lib(SwapBytes16.obj)
                              (--whole-archive)
/home/sudmi/workspace/edk2/Build/MdeModule/DEBUG_GCC5/X64/MdePkg/Library/BaseLib/BaseLib/OUTPUT/BaseLib.lib(LongJump.obj)
                              (--whole-archive)
/home/sudmi/workspace/edk2/Build/MdeModule/DEBUG_GCC5/X64/MdePkg/Library/BaseLib/BaseLib/OUTPUT/BaseLib.lib(SetJump.obj)
                              (--whole-archive)
/home/sudmi/workspace/edk2/Build/MdeModule/DEBUG_GCC5/X64/MdePkg/Library/BaseLib/BaseLib/OUTPUT/BaseLib.lib(QuickSort.obj)
                              (--whole-archive)
/home/sudmi/workspace/edk2/Build/MdeModule/DEBUG_GCC5/X64/MdePkg/Library/BaseLib/BaseLib/OUTPUT/BaseLib.lib(RShiftU64.obj)
                              (--whole-archive)
/home/sudmi/workspace/edk2/Build/MdeModule/DEBUG_GCC5/X64/MdePkg/Library/BaseLib/BaseLib/OUTPUT/BaseLib.lib(RRotU64.obj)
                              (--whole-archive)
/home/sudmi/workspace/edk2/Build/MdeModule/DEBUG_GCC5/X64/MdePkg/Library/BaseLib/BaseLib/OUTPUT/BaseLib.lib(RRotU32.obj)
                              (--whole-archive)
/home/sudmi/workspace/edk2/Build/MdeModule/DEBUG_GCC5/X64/MdePkg/Library/BaseLib/BaseLib/OUTPUT/BaseLib.lib(MultU64x64.obj)
                              (--whole-archive)
/home/sudmi/workspace/edk2/Build/MdeModule/DEBUG_GCC5/X64/MdePkg/Library/BaseLib/BaseLib/OUTPUT/BaseLib.lib(MultU64x32.obj)
                              (--whole-archive)
/home/sudmi/workspace/edk2/Build/MdeModule/DEBUG_GCC5/X64/MdePkg/Library/BaseLib/BaseLib/OUTPUT/BaseLib.lib(MultS64x64.obj)
                              (--whole-archive)
/home/sudmi/workspace/edk2/Build/MdeModule/DEBUG_GCC5/X64/MdePkg/Library/BaseLib/BaseLib/OUTPUT/BaseLib.lib(ModU64x32.obj)
                              (--whole-archive)
/home/sudmi/workspace/edk2/Build/MdeModule/DEBUG_GCC5/X64/MdePkg/Library/BaseLib/BaseLib/OUTPUT/BaseLib.lib(LShiftU64.obj)
                              (--whole-archive)
/home/sudmi/workspace/edk2/Build/MdeModule/DEBUG_GCC5/X64/MdePkg/Library/BaseLib/BaseLib/OUTPUT/BaseLib.lib(LRotU64.obj)
                              (--whole-archive)
/home/sudmi/workspace/edk2/Build/MdeModule/DEBUG_GCC5/X64/MdePkg/Library/BaseLib/BaseLib/OUTPUT/BaseLib.lib(LRotU32.obj)
                              (--whole-archive)
/home/sudmi/workspace/edk2/Build/MdeModule/DEBUG_GCC5/X64/MdePkg/Library/BaseLib/BaseLib/OUTPUT/BaseLib.lib(LowBitSet64.obj)
                              (--whole-archive)
/home/sudmi/workspace/edk2/Build/MdeModule/DEBUG_GCC5/X64/MdePkg/Library/BaseLib/BaseLib/OUTPUT/BaseLib.lib(LowBitSet32.obj)
                              (--whole-archive)
/home/sudmi/workspace/edk2/Build/MdeModule/DEBUG_GCC5/X64/MdePkg/Library/BaseLib/BaseLib/OUTPUT/BaseLib.lib(HighBitSet64.obj)
                              (--whole-archive)
/home/sudmi/workspace/edk2/Build/MdeModule/DEBUG_GCC5/X64/MdePkg/Library/BaseLib/BaseLib/OUTPUT/BaseLib.lib(HighBitSet32.obj)
[...]
Memory Configuration

Name             Origin             Length             Attributes
*default*        0x0000000000000000 0xffffffffffffffff

Linker script and memory map

START GROUP
LOAD /tmp/ccc4sr3L.ltrans0.ltrans.o
LOAD /tmp/ccsSbwQb.debug.temp.o
LOAD /tmp/ccPEDlnK.debug.temp.o
LOAD /tmp/ccok1qAy.debug.temp.o
LOAD /tmp/ccuDLowm.debug.temp.o
LOAD /tmp/ccAeQRsD.debug.temp.o
LOAD /tmp/ccAY2Ss9.debug.temp.o
LOAD /tmp/cceZWxTB.debug.temp.o
LOAD /tmp/ccskAX40.debug.temp.o
LOAD /tmp/ccSNsh8W.debug.temp.o
LOAD /tmp/ccC1F283.debug.temp.o
LOAD /tmp/ccyJeho8.debug.temp.o
LOAD /tmp/ccU6Firb.debug.temp.o
LOAD /tmp/ccezkeXD.debug.temp.o
LOAD /tmp/cccQwnC9.debug.temp.o
LOAD /tmp/ccabFo1R.debug.temp.o
LOAD /tmp/ccoaYOXa.debug.temp.o
LOAD /tmp/ccqtkMUb.debug.temp.o
LOAD /tmp/ccs68r4Q.debug.temp.o
LOAD /tmp/ccQS815p.debug.temp.o
LOAD /tmp/cc6I0RsX.debug.temp.o
LOAD /tmp/ccSXvtXS.debug.temp.o
LOAD /tmp/ccWR5W42.debug.temp.o
LOAD /tmp/ccUOsgap.debug.temp.o
LOAD /tmp/cc8Ldi19.debug.temp.o
LOAD /tmp/ccWBIXz5.debug.temp.o
LOAD /tmp/ccaRLARx.debug.temp.o
LOAD /tmp/ccYozowq.debug.temp.o
LOAD /tmp/cc8dfoBg.debug.temp.o
LOAD /tmp/ccUeGDlU.debug.temp.o
LOAD /tmp/ccexUaGl.debug.temp.o
LOAD /tmp/ccGprxrF.debug.temp.o
LOAD /tmp/ccUq9ldp.debug.temp.o
LOAD /tmp/ccqddaPu.debug.temp.o
LOAD /tmp/ccwsix71.debug.temp.o
LOAD /tmp/ccgarYvq.debug.temp.o
LOAD /tmp/ccORd6AE.debug.temp.o
LOAD /tmp/cc4y8gLK.debug.temp.o
LOAD /tmp/ccqJRfW7.debug.temp.o
LOAD /tmp/ccAywtTz.debug.temp.o
LOAD /tmp/ccViJYKR.debug.temp.o
LOAD /tmp/ccogdOHq.debug.temp.o
LOAD /tmp/ccCjIsyl.debug.temp.o
LOAD /tmp/ccq5POs2.debug.temp.o
LOAD /tmp/cc8Zt5Xo.debug.temp.o
LOAD /tmp/ccoygq2x.debug.temp.o
LOAD /tmp/ccIEYXdx.debug.temp.o
LOAD /tmp/ccGbId6S.debug.temp.o
LOAD /tmp/ccKzFwV2.debug.temp.o
LOAD /tmp/ccQAT570.debug.temp.o
LOAD /tmp/cccQqZAJ.debug.temp.o
LOAD /tmp/ccoMVngI.debug.temp.o
LOAD /tmp/ccQYnuu5.debug.temp.o
LOAD /tmp/ccGVJXPx.debug.temp.o
LOAD /tmp/ccAa4Bib.debug.temp.o
LOAD /tmp/ccaRwSnD.debug.temp.o
LOAD /tmp/ccceXJ3Y.debug.temp.o
LOAD /tmp/ccWfpyjM.debug.temp.o
LOAD /tmp/cc2gpyYj.debug.temp.o
LOAD /tmp/ccKvViUD.debug.temp.o
LOAD /tmp/ccKdNjOr.debug.temp.o
LOAD /tmp/ccmvhhVZ.debug.temp.o
LOAD /tmp/ccybNqih.debug.temp.o
LOAD /tmp/ccudymxQ.debug.temp.o
LOAD /tmp/ccAcqWZR.debug.temp.o
LOAD /tmp/ccgsFqAB.debug.temp.o
LOAD /tmp/ccQ2e0H4.debug.temp.o
LOAD /tmp/ccmLkL8g.debug.temp.o
LOAD /tmp/ccSpITEO.debug.temp.o
LOAD /tmp/cci9OOhL.debug.temp.o
LOAD /tmp/ccuRQAJ6.debug.temp.o
LOAD /tmp/ccci4Zf5.debug.temp.o
LOAD /tmp/ccMS1cMT.debug.temp.o
LOAD /tmp/ccOzL3uW.debug.temp.o
LOAD /tmp/ccMOd6Do.debug.temp.o
LOAD /tmp/ccSXsuxs.debug.temp.o
LOAD /tmp/cc8D5WmM.debug.temp.o
LOAD /tmp/ccQaQVuI.debug.temp.o
LOAD /tmp/cc6ADGph.debug.temp.o
LOAD /tmp/ccCJCBBP.debug.temp.o
LOAD /tmp/cci1U23W.debug.temp.o
LOAD /tmp/ccUo4vpL.debug.temp.o
LOAD /tmp/ccipRDdA.debug.temp.o
LOAD /tmp/cc0N6U9E.debug.temp.o
LOAD /tmp/ccejbmB5.debug.temp.o
LOAD /tmp/ccgK09SL.debug.temp.o
LOAD /tmp/ccuLNyWq.debug.temp.o
LOAD /tmp/ccedDCki.debug.temp.o
LOAD /tmp/cc2QlmuF.debug.temp.o
LOAD /tmp/ccwMcVLE.debug.temp.o
LOAD /tmp/ccWpkIjZ.debug.temp.o
LOAD /tmp/ccI6JNty.debug.temp.o
LOAD /tmp/ccswlxMZ.debug.temp.o
LOAD /tmp/ccA6ZsBi.debug.temp.o
LOAD /tmp/ccejAxm7.debug.temp.o
LOAD /tmp/cc6sOIAc.debug.temp.o
LOAD /tmp/cccIG9pj.debug.temp.o
LOAD /tmp/ccKnaMyo.debug.temp.o
LOAD /tmp/ccmvYUdH.debug.temp.o
LOAD /tmp/ccYUEacy.debug.temp.o
LOAD /tmp/cc4v3HvA.debug.temp.o
LOAD /tmp/ccV9FhmD.debug.temp.o
LOAD /tmp/ccjGDLtB.debug.temp.o
LOAD /tmp/ccJrL362.debug.temp.o
LOAD /home/sudmi/workspace/edk2/Build/MdeModule/DEBUG_GCC5/X64/MdeModulePkg/Bus/Usb/UsbNetwork/UsbCdcEcm/UsbCdcEcm/OUTPUT/UsbCdcEcm.lib
LOAD /home/sudmi/workspace/edk2/Build/MdeModule/DEBUG_GCC5/X64/MdePkg/Library/RegisterFilterLibNull/RegisterFilterLibNull/OUTPUT/FilterLibNull.lib
LOAD /home/sudmi/workspace/edk2/Build/MdeModule/DEBUG_GCC5/X64/MdePkg/Library/BasePcdLibNull/BasePcdLibNull/OUTPUT/BasePcdLibNull.lib
LOAD /home/sudmi/workspace/edk2/Build/MdeModule/DEBUG_GCC5/X64/MdePkg/Library/BaseLib/BaseLib/OUTPUT/BaseLib.lib
LOAD /home/sudmi/workspace/edk2/Build/MdeModule/DEBUG_GCC5/X64/MdePkg/Library/BaseMemoryLib/BaseMemoryLib/OUTPUT/BaseMemoryLib.lib
LOAD /home/sudmi/workspace/edk2/Build/MdeModule/DEBUG_GCC5/X64/MdePkg/Library/BaseDebugPrintErrorLevelLib/BaseDebugPrintErrorLevelLib/OUTPUT/BaseDebugPrintErrorLevelLib.lib
LOAD /home/sudmi/workspace/edk2/Build/MdeModule/DEBUG_GCC5/X64/MdePkg/Library/BasePrintLib/BasePrintLib/OUTPUT/BasePrintLib.lib
LOAD /home/sudmi/workspace/edk2/Build/MdeModule/DEBUG_GCC5/X64/MdePkg/Library/UefiDebugLibConOut/UefiDebugLibConOut/OUTPUT/UefiDebugLibConOut.lib
LOAD /home/sudmi/workspace/edk2/Build/MdeModule/DEBUG_GCC5/X64/MdePkg/Library/UefiBootServicesTableLib/UefiBootServicesTableLib/OUTPUT/UefiBootServicesTableLib.lib
LOAD /home/sudmi/workspace/edk2/Build/MdeModule/DEBUG_GCC5/X64/MdePkg/Library/UefiMemoryAllocationLib/UefiMemoryAllocationLib/OUTPUT/UefiMemoryAllocationLib.lib
LOAD /home/sudmi/workspace/edk2/Build/MdeModule/DEBUG_GCC5/X64/MdePkg/Library/UefiRuntimeServicesTableLib/UefiRuntimeServicesTableLib/OUTPUT/UefiRuntimeServicesTableLib.lib
LOAD /home/sudmi/workspace/edk2/Build/MdeModule/DEBUG_GCC5/X64/MdePkg/Library/UefiDevicePathLib/UefiDevicePathLib/OUTPUT/UefiDevicePathLib.lib
LOAD /home/sudmi/workspace/edk2/Build/MdeModule/DEBUG_GCC5/X64/MdePkg/Library/UefiDriverEntryPoint/UefiDriverEntryPoint/OUTPUT/UefiDriverEntryPoint.lib
LOAD /home/sudmi/workspace/edk2/Build/MdeModule/DEBUG_GCC5/X64/MdePkg/Library/UefiLib/UefiLib/OUTPUT/UefiLib.lib
LOAD /home/sudmi/workspace/edk2/Build/MdeModule/DEBUG_GCC5/X64/MdePkg/Library/UefiUsbLib/UefiUsbLib/OUTPUT/UefiUsbLib.lib
END GROUP
                0x0000000000000228                PECOFF_HEADER_SIZE = 0x228
                0x0000000000000228                . = PECOFF_HEADER_SIZE

.text           0x0000000000000240     0x3fb4
 *(.text .text.* .stub .gnu.linkonce.t.*)
 .text.UsbEcmDriverSupported
                0x0000000000000240       0xad /tmp/ccc4sr3L.ltrans0.ltrans.o
 .text.UsbEthEcmBulkSize
                0x00000000000002ed       0x2d /tmp/ccc4sr3L.ltrans0.ltrans.o
 .text.UsbEcmComponentNameGetControllerName
                0x000000000000031a        0xf /tmp/ccc4sr3L.ltrans0.ltrans.o
 .text.AsciiStrnLenS
                0x0000000000000329       0x26 /tmp/ccc4sr3L.ltrans0.ltrans.o
 .text.BasePrintLibFillBuffer
                0x000000000000034f       0x2d /tmp/ccc4sr3L.ltrans0.ltrans.o
 .text.DebugPrintEnabled
                0x000000000000037c        0x3 /tmp/ccc4sr3L.ltrans0.ltrans.o
 .text.ExitBootServicesCallback
                0x000000000000037f        0xc /tmp/ccc4sr3L.ltrans0.ltrans.o
 .text.BasePrintLibSPrint.constprop.0
                0x000000000000038b       0x9b /tmp/ccc4sr3L.ltrans0.ltrans.o
 .text.BasePrintLibSPrintMarker.constprop.0
                0x0000000000000426      0xad8 /tmp/ccc4sr3L.ltrans0.ltrans.o
 .text.UnicodeVSPrintAsciiFormat.constprop.0
                0x0000000000000efe       0x94 /tmp/ccc4sr3L.ltrans0.ltrans.o
 .text.UnicodeSPrintAsciiFormat.constprop.0
                0x0000000000000f92       0x27 /tmp/ccc4sr3L.ltrans0.ltrans.o
 .text.DebugAssert.part.0
                0x0000000000000fb9       0x67 /tmp/ccc4sr3L.ltrans0.ltrans.o
 .text.DebugAssert
                0x0000000000001020        0xf /tmp/ccc4sr3L.ltrans0.ltrans.o
 .text.UsbEthEcmInterrupt
                0x000000000000102f       0xac /tmp/ccc4sr3L.ltrans0.ltrans.o
 .text.SetUsbEthMcastFilter
                0x00000000000010db       0xc2 /tmp/ccc4sr3L.ltrans0.ltrans.o
 .text.SetUsbEthPowerFilter
                0x000000000000119d       0x9c /tmp/ccc4sr3L.ltrans0.ltrans.o
 .text.GetUsbEthPowerFilter
                0x0000000000001239       0x93 /tmp/ccc4sr3L.ltrans0.ltrans.o
 .text.SetUsbEthPacketFilter
                0x00000000000012cc       0xbb /tmp/ccc4sr3L.ltrans0.ltrans.o
 .text.GetUsbEthStatistic
                0x0000000000001387       0xbc /tmp/ccc4sr3L.ltrans0.ltrans.o
 .text.StrnLenS
                0x0000000000001443       0x59 /tmp/ccc4sr3L.ltrans0.ltrans.o
 .text.AsciiStrLen
                0x000000000000149c       0x71 /tmp/ccc4sr3L.ltrans0.ltrans.o
 .text.AsciiStrnCmp.part.0
                0x000000000000150d       0xbb /tmp/ccc4sr3L.ltrans0.ltrans.o
 .text.ReadUnaligned16
                0x00000000000015c8        0x4 /tmp/ccc4sr3L.ltrans0.ltrans.o
 .text.ReadUnaligned24
                0x00000000000015cc       0x37 /tmp/ccc4sr3L.ltrans0.ltrans.o
 .text.UsbEcmComponentNameGetDriverName
                0x0000000000001603      0x139 /tmp/ccc4sr3L.ltrans0.ltrans.o
 .text.ZeroMem.part.0
                0x000000000000173c       0xdb /tmp/ccc4sr3L.ltrans0.ltrans.o
 .text.CompareMem
                0x0000000000001817       0xbf /tmp/ccc4sr3L.ltrans0.ltrans.o
 .text.CopyMem  0x00000000000018d6      0x24e /tmp/ccc4sr3L.ltrans0.ltrans.o
 .text.GetFunctionalDescriptor
                0x0000000000001b24       0xd8 /tmp/ccc4sr3L.ltrans0.ltrans.o
 .text.GetUsbHeaderFunDescriptor
                0x0000000000001bfc       0xd8 /tmp/ccc4sr3L.ltrans0.ltrans.o
 .text.GetUsbUnionFunDescriptor
                0x0000000000001cd4       0xdb /tmp/ccc4sr3L.ltrans0.ltrans.o
 .text.GetUsbEthFunDescriptor
                0x0000000000001daf       0xdb /tmp/ccc4sr3L.ltrans0.ltrans.o
 .text.InterruptCallback
                0x0000000000001e8a       0x49 /tmp/ccc4sr3L.ltrans0.ltrans.o
 .text.NextDevicePathNode
                0x0000000000001ed3       0x5a /tmp/ccc4sr3L.ltrans0.ltrans.o
 .text.DebugPrintMarker.constprop.0
                0x0000000000001f2d       0x67 /tmp/ccc4sr3L.ltrans0.ltrans.o
 .text.DebugPrint
                0x0000000000001f94       0x9c /tmp/ccc4sr3L.ltrans0.ltrans.o
 .text.GetEndpoint
                0x0000000000002030      0x24f /tmp/ccc4sr3L.ltrans0.ltrans.o
 .text.UsbEthEcmReceive
                0x000000000000227f      0x133 /tmp/ccc4sr3L.ltrans0.ltrans.o
 .text.UsbEthEcmTransmit
                0x00000000000023b2      0x133 /tmp/ccc4sr3L.ltrans0.ltrans.o
 .text.ProcessLibraryDestructorList
                0x00000000000024e5       0x14 /tmp/ccc4sr3L.ltrans0.ltrans.o
 .text.StrHexToUintn
                0x00000000000024f9      0x151 /tmp/ccc4sr3L.ltrans0.ltrans.o
 .text.GetUsbEthMacAddress
                0x000000000000264a      0x12b /tmp/ccc4sr3L.ltrans0.ltrans.o
 .text.FreePool
                0x0000000000002775       0x4f /tmp/ccc4sr3L.ltrans0.ltrans.o
 .text.CallbackFunction
                0x00000000000027c4      0x15e /tmp/ccc4sr3L.ltrans0.ltrans.o
 .text.UsbEcmDriverStart
                0x0000000000002922      0x827 /tmp/ccc4sr3L.ltrans0.ltrans.o
 .text.UsbEcmDriverStop
                0x0000000000003149       0xe2 /tmp/ccc4sr3L.ltrans0.ltrans.o
 .text._ModuleEntryPoint
                0x000000000000322b      0x12c /tmp/ccc4sr3L.ltrans0.ltrans.o
                0x000000000000322b                _ModuleEntryPoint
 *(.rodata .rodata.* .gnu.linkonce.r.*)
 .rodata.BasePrintLibSPrintMarker.constprop.0.str1.1
                0x0000000000003357      0x17a /tmp/ccc4sr3L.ltrans0.ltrans.o
                                        0x191 (size before relaxing)
 *fill*         0x00000000000034d1        0x3 
 .rodata.BasePrintLibSPrintMarker.constprop.0
                0x00000000000034d4       0xec /tmp/ccc4sr3L.ltrans0.ltrans.o
 .rodata.UnicodeSPrintAsciiFormat.constprop.0.str1.1
                0x00000000000035c0       0x18 /tmp/ccc4sr3L.ltrans0.ltrans.o
 .rodata.DebugAssert.part.0.str1.1
                0x00000000000035d8        0xa /tmp/ccc4sr3L.ltrans0.ltrans.o
 .rodata.UsbEthEcmInterrupt.str1.1
                0x00000000000035e2       0x6b /tmp/ccc4sr3L.ltrans0.ltrans.o
 .rodata.StrnLenS.str1.1
                0x000000000000364d       0x61 /tmp/ccc4sr3L.ltrans0.ltrans.o
 .rodata.AsciiStrLen.str1.1
                0x00000000000036ae       0x8a /tmp/ccc4sr3L.ltrans0.ltrans.o
 .rodata.AsciiStrnCmp.part.0.str1.1
                0x0000000000003738       0x70 /tmp/ccc4sr3L.ltrans0.ltrans.o
 .rodata.ReadUnaligned24.str1.1
                0x00000000000037a8       0x3e /tmp/ccc4sr3L.ltrans0.ltrans.o
 .rodata.ZeroMem.part.0.str1.1
                0x00000000000037e6       0x7f /tmp/ccc4sr3L.ltrans0.ltrans.o
 .rodata.CompareMem.str1.1
                0x0000000000003865      0x10c /tmp/ccc4sr3L.ltrans0.ltrans.o
 .rodata.CopyMem.str1.1
                0x0000000000003971       0x49 /tmp/ccc4sr3L.ltrans0.ltrans.o
 .rodata.NextDevicePathNode.str1.1
                0x00000000000039ba       0x67 /tmp/ccc4sr3L.ltrans0.ltrans.o
 .rodata.GetEndpoint.str1.1
                0x0000000000003a21       0x57 /tmp/ccc4sr3L.ltrans0.ltrans.o
 .rodata.StrHexToUintn.str1.1
                0x0000000000003a78       0xc2 /tmp/ccc4sr3L.ltrans0.ltrans.o
 .rodata.GetUsbEthMacAddress.str1.1
                0x0000000000003b3a       0x4b /tmp/ccc4sr3L.ltrans0.ltrans.o
 .rodata.FreePool.str1.1
                0x0000000000003b85       0x58 /tmp/ccc4sr3L.ltrans0.ltrans.o
 .rodata.CallbackFunction.str1.1
                0x0000000000003bdd       0x51 /tmp/ccc4sr3L.ltrans0.ltrans.o
 .rodata.UsbEcmDriverStart.str1.1
                0x0000000000003c2e       0x5c /tmp/ccc4sr3L.ltrans0.ltrans.o
 .rodata._ModuleEntryPoint.str1.1
                0x0000000000003c8a      0x107 /tmp/ccc4sr3L.ltrans0.ltrans.o
 *fill*         0x0000000000003d91        0xf 
 .rodata.mHexStr
                0x0000000000003da0       0x10 /tmp/ccc4sr3L.ltrans0.ltrans.o
 *fill*         0x0000000000003db0       0x10 
 .rodata.mWarningString
                0x0000000000003dc0       0xc8 /tmp/ccc4sr3L.ltrans0.ltrans.o
 *fill*         0x0000000000003e88       0x18 
 .rodata.mErrorString
                0x0000000000003ea0      0x2df /tmp/ccc4sr3L.ltrans0.ltrans.o
 .rodata.str1.1
                0x000000000000417f        0xb /tmp/ccc4sr3L.ltrans0.ltrans.o
                                          0xe (size before relaxing)
 *fill*         0x000000000000418a        0x6 
 .rodata.__func__.21
                0x0000000000004190        0xf /tmp/ccc4sr3L.ltrans0.ltrans.o
 *fill*         0x000000000000419f        0x1 
 .rodata.str2.2
                0x00000000000041a0       0x1e /tmp/ccc4sr3L.ltrans0.ltrans.o
 *fill*         0x00000000000041be        0x2 
 .rodata.gTable
                0x00000000000041c0       0x14 /tmp/ccc4sr3L.ltrans0.ltrans.o
 *fill*         0x00000000000041d4        0xc 
 .rodata.__func__.0
                0x00000000000041e0       0x14 /tmp/ccc4sr3L.ltrans0.ltrans.o
 *(.got .got.*)
 .got           0x00000000000041f4        0x0 UsbCdcEcm.obj (symbol from plugin)
 .got.plt       0x00000000000041f4        0x0 UsbCdcEcm.obj (symbol from plugin)
 *:AutoGen.obj(.data.g*Guid)

.plt            0x0000000000004200        0x0
 .plt           0x0000000000004200        0x0 UsbCdcEcm.obj (symbol from plugin)

.plt.got        0x00000000000041f8        0x0
 .plt.got       0x00000000000041f8        0x0 UsbCdcEcm.obj (symbol from plugin)

.data           0x0000000000004200      0x128
 *(.data .data.* .gnu.linkonce.d.*)
 .data.rel.local.gUsbEcmComponentName2
                0x0000000000004200       0x18 /tmp/ccc4sr3L.ltrans0.ltrans.o
 *fill*         0x0000000000004218        0x8 
 .data.gEfiComponentName2ProtocolGuid
                0x0000000000004220       0x10 /tmp/ccc4sr3L.ltrans0.ltrans.o
 .data.gEfiDriverBindingProtocolGuid
                0x0000000000004230       0x10 /tmp/ccc4sr3L.ltrans0.ltrans.o
 .data.rel.local.gUsbEcmDriverBinding
                0x0000000000004240       0x30 /tmp/ccc4sr3L.ltrans0.ltrans.o
 *fill*         0x0000000000004270       0x10 
 .data.rel.local.gUsbEcmDriverNameTable
                0x0000000000004280       0x20 /tmp/ccc4sr3L.ltrans0.ltrans.o
 .data.rel.local.gUsbEcmComponentName
                0x00000000000042a0       0x18 /tmp/ccc4sr3L.ltrans0.ltrans.o
 *fill*         0x00000000000042b8        0x8 
 .data.gEdkIIUsbEthProtocolGuid
                0x00000000000042c0       0x10 /tmp/ccc4sr3L.ltrans0.ltrans.o
 .data.gEfiDevicePathProtocolGuid
                0x00000000000042d0       0x10 /tmp/ccc4sr3L.ltrans0.ltrans.o
 .data.gEfiUsbIoProtocolGuid
                0x00000000000042e0       0x10 /tmp/ccc4sr3L.ltrans0.ltrans.o
 .data.rel.ro   0x00000000000042f0        0x0 UsbCdcEcm.obj (symbol from plugin)
 *(.bss .bss.*)
 .bss.gImageHandle
                0x00000000000042f0        0x8 /tmp/ccc4sr3L.ltrans0.ltrans.o
 .bss.gRT       0x00000000000042f8        0x8 /tmp/ccc4sr3L.ltrans0.ltrans.o
 .bss.gST       0x0000000000004300        0x8 /tmp/ccc4sr3L.ltrans0.ltrans.o
 .bss.mDebugST  0x0000000000004308        0x8 /tmp/ccc4sr3L.ltrans0.ltrans.o
 .bss.mPostEBS  0x0000000000004310        0x1 /tmp/ccc4sr3L.ltrans0.ltrans.o
 *fill*         0x0000000000004311        0x7 
 .bss.mExitBootServicesEvent
                0x0000000000004318        0x8 /tmp/ccc4sr3L.ltrans0.ltrans.o
 .bss.gBS       0x0000000000004320        0x8 /tmp/ccc4sr3L.ltrans0.ltrans.o

.eh_frame       0x0000000000004340        0x0
 *(.eh_frame)
 .eh_frame      0x0000000000004340        0x0 UsbCdcEcm.obj (symbol from plugin)
 .eh_frame      0x0000000000004340        0x0 UsbCdcEcm.obj (symbol from plugin)

.dynbss         0x0000000000004340        0x0
 .dynbss        0x0000000000004340        0x0 UsbCdcEcm.obj (symbol from plugin)

.gnu.version_d  0x0000000000004340        0x0
 .gnu.version_d
                0x0000000000004340        0x0 UsbCdcEcm.obj (symbol from plugin)

.gnu.version    0x0000000000004340        0x0
 .gnu.version   0x0000000000004340        0x0 UsbCdcEcm.obj (symbol from plugin)

.gnu.version_r  0x0000000000004340        0x0
 .gnu.version_r
                0x0000000000004340        0x0 UsbCdcEcm.obj (symbol from plugin)

.rela           0x0000000000004340      0x108
 *(.rela .rela.*)
 .rela.plt      0x0000000000004340        0x0 UsbCdcEcm.obj (symbol from plugin)
 .rela.got      0x0000000000004340        0x0 UsbCdcEcm.obj (symbol from plugin)
 .rela.bss      0x0000000000004340        0x0 UsbCdcEcm.obj (symbol from plugin)
 .rela.data.rel.ro
                0x0000000000004340        0x0 UsbCdcEcm.obj (symbol from plugin)
 .rela.ifunc    0x0000000000004340        0x0 UsbCdcEcm.obj (symbol from plugin)
 .rela.data.rel.local.gUsbEcmComponentName2
                0x0000000000004340       0x48 UsbCdcEcm.obj (symbol from plugin)
 .rela.data.rel.local.gUsbEcmDriverBinding
                0x0000000000004388       0x48 UsbCdcEcm.obj (symbol from plugin)
 .rela.data.rel.local.gUsbEcmDriverNameTable
                0x00000000000043d0       0x30 UsbCdcEcm.obj (symbol from plugin)
 .rela.data.rel.local.gUsbEcmComponentName
                0x0000000000004400       0x48 UsbCdcEcm.obj (symbol from plugin)

.hii
 *(.hii)

.got            0x0000000000004448        0x0
 *(.got)
                0x0000000000000001                ASSERT ((SIZEOF (.got) == 0x0), Unexpected GOT entries detected!)

.got.plt        0x0000000000004448        0x0
 *(.got.plt)
                0x0000000000000001                ASSERT ((((SIZEOF (.got.plt) == 0x0) || (SIZEOF (.got.plt) == 0xc)) || (SIZEOF (.got.plt) == 0x18)), Unexpected GOT/PLT entries detected!)

.build-id       0x0000000000004448       0x24
 *(.note.gnu.build-id)
 .note.gnu.build-id
                0x0000000000004448       0x24 UsbCdcEcm.obj (symbol from plugin)

/DISCARD/
 *(.note.GNU-stack)
 *(.gnu_debuglink)
 *(.interp)
 *(.dynsym)
 *(.dynstr)
 *(.dynamic)
 *(.hash .gnu.hash)
 *(.comment)
OUTPUT(/home/sudmi/workspace/edk2/Build/MdeModule/DEBUG_GCC5/X64/MdeModulePkg/Bus/Usb/UsbNetwork/UsbCdcEcm/UsbCdcEcm/DEBUG/UsbCdcEcm.dll elf64-x86-64)

.debug_info     0x0000000000000000    0x1ad8f
 .debug_info    0x0000000000000000     0x3c9e /tmp/ccc4sr3L.ltrans0.ltrans.o
 .debug_info    0x0000000000003c9e     0x30c2 /tmp/ccsSbwQb.debug.temp.o
                0x0000000000003c9e                UsbCdcEcm.c.7e259a2c
 .debug_info    0x0000000000006d60     0x28bb /tmp/ccPEDlnK.debug.temp.o
                0x0000000000006d60                UsbEcmFunction.c.d436c50e
 .debug_info    0x000000000000961b      0x33a /tmp/ccok1qAy.debug.temp.o
                0x000000000000961b                ComponentName.c.dcb0e7b2
 .debug_info    0x0000000000009955     0x1cf0 /tmp/ccuDLowm.debug.temp.o
                0x0000000000009955                AutoGen.c.62efc42b
 .debug_info    0x000000000000b645      0x1a7 /tmp/ccezkeXD.debug.temp.o
                0x000000000000b645                SetJump.c.17479354
 .debug_info    0x000000000000b7ec       0xa8 /tmp/cc4y8gLK.debug.temp.o
                0x000000000000b7ec                CpuDeadLoop.c.3e3c2621
 .debug_info    0x000000000000b894     0x1098 /tmp/ccViJYKR.debug.temp.o
                0x000000000000b894                SafeString.c.b25f47d2
 .debug_info    0x000000000000c92c      0x7a9 /tmp/ccogdOHq.debug.temp.o
                0x000000000000c92c                String.c.1537a5d8
 .debug_info    0x000000000000d0d5      0x228 /tmp/ccIEYXdx.debug.temp.o
                0x000000000000d0d5                Unaligned.c.f3fe8d54
 .debug_info    0x000000000000d2fd      0x136 /tmp/ccQ2e0H4.debug.temp.o
                0x000000000000d2fd                SetMem.c.936b7c3a
 .debug_info    0x000000000000d433      0x104 /tmp/ccci4Zf5.debug.temp.o
                0x000000000000d433                ZeroMemWrapper.c.9700a07f
 .debug_info    0x000000000000d537      0x12d /tmp/ccMS1cMT.debug.temp.o
                0x000000000000d537                CompareMemWrapper.c.e675e36a
 .debug_info    0x000000000000d664      0x119 /tmp/ccQaQVuI.debug.temp.o
                0x000000000000d664                CopyMemWrapper.c.8b4b563b
 .debug_info    0x000000000000d77d      0x32b /tmp/ccCJCBBP.debug.temp.o
                0x000000000000d77d                MemLibGeneric.c.06c615eb
 .debug_info    0x000000000000daa8      0x154 /tmp/ccUo4vpL.debug.temp.o
                0x000000000000daa8                CopyMem.c.26d266e6
 .debug_info    0x000000000000dbfc      0x764 /tmp/cc0N6U9E.debug.temp.o
                0x000000000000dbfc                PrintLibInternal.c.4c4cda6c
 .debug_info    0x000000000000e360      0x588 /tmp/ccejbmB5.debug.temp.o
                0x000000000000e360                PrintLib.c.a1cf8c1f
 .debug_info    0x000000000000e8e8     0x19b1 /tmp/ccgK09SL.debug.temp.o
                0x000000000000e8e8                DebugLib.c.55183da0
 .debug_info    0x0000000000010299     0x177c /tmp/ccuLNyWq.debug.temp.o
                0x0000000000010299                DebugLibConstructor.c.22e75e24
 .debug_info    0x0000000000011a15     0x1787 /tmp/ccedDCki.debug.temp.o
                0x0000000000011a15                UefiBootServicesTableLib.c.5ed2f1bc
 .debug_info    0x000000000001319c     0x1366 /tmp/cc2QlmuF.debug.temp.o
                0x000000000001319c                MemoryAllocationLib.c.713725c3
 .debug_info    0x0000000000014502     0x175e /tmp/ccwMcVLE.debug.temp.o
                0x0000000000014502                UefiRuntimeServicesTableLib.c.9a4104ed
 .debug_info    0x0000000000015c60      0x6ac /tmp/ccWpkIjZ.debug.temp.o
                0x0000000000015c60                DevicePathUtilities.c.2dd7a073
 .debug_info    0x000000000001630c     0x1951 /tmp/cc6sOIAc.debug.temp.o
                0x000000000001630c                DriverEntryPoint.c.54cff60b
 .debug_info    0x0000000000017c5d     0x25bc /tmp/cc4v3HvA.debug.temp.o
                0x0000000000017c5d                UefiLib.c.81c9aba8
 .debug_info    0x000000000001a219      0xb76 /tmp/ccJrL362.debug.temp.o
                0x000000000001a219                UsbDxeLib.c.4004aabf

.debug_abbrev   0x0000000000000000     0x2c47
 .debug_abbrev  0x0000000000000000      0x210 /tmp/ccc4sr3L.ltrans0.ltrans.o
 .debug_abbrev  0x0000000000000210      0x31f /tmp/ccsSbwQb.debug.temp.o
 .debug_abbrev  0x000000000000052f      0x31f /tmp/ccPEDlnK.debug.temp.o
 .debug_abbrev  0x000000000000084e      0x134 /tmp/ccok1qAy.debug.temp.o
 .debug_abbrev  0x0000000000000982      0x2c7 /tmp/ccuDLowm.debug.temp.o
 .debug_abbrev  0x0000000000000c49       0xe0 /tmp/ccezkeXD.debug.temp.o
 .debug_abbrev  0x0000000000000d29       0x71 /tmp/cc4y8gLK.debug.temp.o
 .debug_abbrev  0x0000000000000d9a      0x1c7 /tmp/ccViJYKR.debug.temp.o
 .debug_abbrev  0x0000000000000f61      0x157 /tmp/ccogdOHq.debug.temp.o
 .debug_abbrev  0x00000000000010b8       0xb6 /tmp/ccIEYXdx.debug.temp.o
 .debug_abbrev  0x000000000000116e       0xa1 /tmp/ccQ2e0H4.debug.temp.o
 .debug_abbrev  0x000000000000120f       0xb8 /tmp/ccci4Zf5.debug.temp.o
 .debug_abbrev  0x00000000000012c7       0xb7 /tmp/ccMS1cMT.debug.temp.o
 .debug_abbrev  0x000000000000137e       0xbe /tmp/ccQaQVuI.debug.temp.o
 .debug_abbrev  0x000000000000143c       0xf0 /tmp/ccCJCBBP.debug.temp.o
 .debug_abbrev  0x000000000000152c       0x8f /tmp/ccUo4vpL.debug.temp.o
 .debug_abbrev  0x00000000000015bb      0x19f /tmp/cc0N6U9E.debug.temp.o
 .debug_abbrev  0x000000000000175a      0x15a /tmp/ccejbmB5.debug.temp.o
 .debug_abbrev  0x00000000000018b4      0x287 /tmp/ccgK09SL.debug.temp.o
 .debug_abbrev  0x0000000000001b3b      0x1d5 /tmp/ccuLNyWq.debug.temp.o
 .debug_abbrev  0x0000000000001d10      0x20a /tmp/ccedDCki.debug.temp.o
 .debug_abbrev  0x0000000000001f1a      0x274 /tmp/cc2QlmuF.debug.temp.o
 .debug_abbrev  0x000000000000218e      0x1da /tmp/ccwMcVLE.debug.temp.o
 .debug_abbrev  0x0000000000002368      0x1e6 /tmp/ccWpkIjZ.debug.temp.o
 .debug_abbrev  0x000000000000254e      0x25d /tmp/cc6sOIAc.debug.temp.o
 .debug_abbrev  0x00000000000027ab      0x2e9 /tmp/cc4v3HvA.debug.temp.o
 .debug_abbrev  0x0000000000002a94      0x1b3 /tmp/ccJrL362.debug.temp.o

.debug_loclists
                0x0000000000000000     0x3573
 .debug_loclists
                0x0000000000000000     0x3573 /tmp/ccc4sr3L.ltrans0.ltrans.o

.debug_aranges  0x0000000000000000      0x330
 .debug_aranges
                0x0000000000000000      0x330 /tmp/ccc4sr3L.ltrans0.ltrans.o

.debug_rnglists
                0x0000000000000000      0x41a
 .debug_rnglists
                0x0000000000000000      0x41a /tmp/ccc4sr3L.ltrans0.ltrans.o

.debug_line     0x0000000000000000     0x333c
 .debug_line    0x0000000000000000     0x27c9 /tmp/ccc4sr3L.ltrans0.ltrans.o
 .debug_line    0x00000000000027c9       0xc3 /tmp/ccsSbwQb.debug.temp.o
 .debug_line    0x000000000000288c       0xaf /tmp/ccPEDlnK.debug.temp.o
 .debug_line    0x000000000000293b       0x71 /tmp/ccok1qAy.debug.temp.o
 .debug_line    0x00000000000029ac       0x93 /tmp/ccuDLowm.debug.temp.o
 .debug_line    0x0000000000002a3f       0x51 /tmp/ccezkeXD.debug.temp.o
 .debug_line    0x0000000000002a90       0x4c /tmp/cc4y8gLK.debug.temp.o
 .debug_line    0x0000000000002adc       0x6d /tmp/ccViJYKR.debug.temp.o
 .debug_line    0x0000000000002b49       0x63 /tmp/ccogdOHq.debug.temp.o
 .debug_line    0x0000000000002bac       0x51 /tmp/ccIEYXdx.debug.temp.o
 .debug_line    0x0000000000002bfd       0x4c /tmp/ccQ2e0H4.debug.temp.o
 .debug_line    0x0000000000002c49       0x51 /tmp/ccci4Zf5.debug.temp.o
 .debug_line    0x0000000000002c9a       0x51 /tmp/ccMS1cMT.debug.temp.o
 .debug_line    0x0000000000002ceb       0x51 /tmp/ccQaQVuI.debug.temp.o
 .debug_line    0x0000000000002d3c       0x48 /tmp/ccCJCBBP.debug.temp.o
 .debug_line    0x0000000000002d84       0x43 /tmp/ccUo4vpL.debug.temp.o
 .debug_line    0x0000000000002dc7       0x68 /tmp/cc0N6U9E.debug.temp.o
 .debug_line    0x0000000000002e2f       0x5a /tmp/ccejbmB5.debug.temp.o
 .debug_line    0x0000000000002e89       0x93 /tmp/ccgK09SL.debug.temp.o
 .debug_line    0x0000000000002f1c       0x72 /tmp/ccuLNyWq.debug.temp.o
 .debug_line    0x0000000000002f8e       0x80 /tmp/ccedDCki.debug.temp.o
 .debug_line    0x000000000000300e       0x7b /tmp/cc2QlmuF.debug.temp.o
 .debug_line    0x0000000000003089       0x7b /tmp/ccwMcVLE.debug.temp.o
 .debug_line    0x0000000000003104       0x7b /tmp/ccWpkIjZ.debug.temp.o
 .debug_line    0x000000000000317f       0x93 /tmp/cc6sOIAc.debug.temp.o
 .debug_line    0x0000000000003212       0xac /tmp/cc4v3HvA.debug.temp.o
 .debug_line    0x00000000000032be       0x7e /tmp/ccJrL362.debug.temp.o

.debug_str      0x0000000000000000     0x4e4d
 .debug_str     0x0000000000000000      0x178 /tmp/ccc4sr3L.ltrans0.ltrans.o
                                        0x18a (size before relaxing)
 .debug_str     0x0000000000000178     0x26ec /tmp/ccsSbwQb.debug.temp.o
                                       0x2a6e (size before relaxing)
 .debug_str     0x0000000000002864      0x407 /tmp/ccPEDlnK.debug.temp.o
                                       0x2475 (size before relaxing)
 .debug_str     0x0000000000002c6b      0x107 /tmp/ccok1qAy.debug.temp.o
                                        0x458 (size before relaxing)
 .debug_str     0x0000000000002d72      0x7b3 /tmp/ccuDLowm.debug.temp.o
                                       0x1bd3 (size before relaxing)
 .debug_str     0x0000000000003525       0x42 /tmp/ccezkeXD.debug.temp.o
                                        0x25f (size before relaxing)
 .debug_str     0x0000000000003567       0x29 /tmp/cc4y8gLK.debug.temp.o
                                        0x20e (size before relaxing)
 .debug_str     0x0000000000003590      0x3da /tmp/ccViJYKR.debug.temp.o
                                        0x7ee (size before relaxing)
 .debug_str     0x000000000000396a      0x1d3 /tmp/ccogdOHq.debug.temp.o
                                        0x6b1 (size before relaxing)
 .debug_str     0x0000000000003b3d       0x94 /tmp/ccIEYXdx.debug.temp.o
                                        0x2bb (size before relaxing)
 .debug_str     0x0000000000003bd1       0x3f /tmp/ccQ2e0H4.debug.temp.o
                                        0x249 (size before relaxing)
 .debug_str     0x0000000000003c10       0x13 /tmp/ccci4Zf5.debug.temp.o
                                        0x235 (size before relaxing)
 .debug_str     0x0000000000003c23       0x35 /tmp/ccMS1cMT.debug.temp.o
                                        0x25e (size before relaxing)
 .debug_str     0x0000000000003c58       0x13 /tmp/ccQaQVuI.debug.temp.o
                                        0x24d (size before relaxing)
 .debug_str     0x0000000000003c6b       0xb2 /tmp/ccCJCBBP.debug.temp.o
                                        0x339 (size before relaxing)
 .debug_str     0x0000000000003d1d       0x4d /tmp/ccUo4vpL.debug.temp.o
                                        0x272 (size before relaxing)
 .debug_str     0x0000000000003d6a      0x261 /tmp/cc0N6U9E.debug.temp.o
                                        0x628 (size before relaxing)
 .debug_str     0x0000000000003fcb      0x147 /tmp/ccejbmB5.debug.temp.o
                                        0x426 (size before relaxing)
 .debug_str     0x0000000000004112       0xc7 /tmp/ccgK09SL.debug.temp.o
                                       0x1588 (size before relaxing)
 .debug_str     0x00000000000041d9       0x30 /tmp/ccuLNyWq.debug.temp.o
                                       0x13aa (size before relaxing)
 .debug_str     0x0000000000004209     0x1383 /tmp/ccedDCki.debug.temp.o
 .debug_str     0x0000000000004209      0x22f /tmp/cc2QlmuF.debug.temp.o
                                        0xfae (size before relaxing)
 .debug_str     0x0000000000004438     0x1379 /tmp/ccwMcVLE.debug.temp.o
 .debug_str     0x0000000000004438      0x2b6 /tmp/ccWpkIjZ.debug.temp.o
                                        0x6a0 (size before relaxing)
 .debug_str     0x00000000000046ee       0xb8 /tmp/cc6sOIAc.debug.temp.o
                                       0x1511 (size before relaxing)
 .debug_str     0x00000000000047a6      0x5d3 /tmp/cc4v3HvA.debug.temp.o
                                       0x1c45 (size before relaxing)
 .debug_str     0x0000000000004d79       0xd4 /tmp/ccJrL362.debug.temp.o
                                        0xc61 (size before relaxing)

.debug_line_str
                0x0000000000000000     0x16ad
 .debug_line_str
                0x0000000000000000      0x3bf /tmp/ccc4sr3L.ltrans0.ltrans.o
                                        0x5c3 (size before relaxing)
 .debug_line_str
                0x00000000000003bf      0x2e0 /tmp/ccsSbwQb.debug.temp.o
                                        0x413 (size before relaxing)
 .debug_line_str
                0x000000000000069f       0x6d /tmp/ccPEDlnK.debug.temp.o
                                        0x3ce (size before relaxing)
 .debug_line_str
                0x000000000000070c       0x6f /tmp/ccok1qAy.debug.temp.o
                                        0x261 (size before relaxing)
 .debug_line_str
                0x000000000000077b       0xcd /tmp/ccuDLowm.debug.temp.o
                                        0x343 (size before relaxing)
 .debug_line_str
                0x0000000000000848       0x95 /tmp/ccezkeXD.debug.temp.o
                                        0x156 (size before relaxing)
 .debug_line_str
                0x00000000000008dd       0x40 /tmp/cc4y8gLK.debug.temp.o
                                        0x153 (size before relaxing)
 .debug_line_str
                0x000000000000091d       0xb1 /tmp/ccViJYKR.debug.temp.o
                                        0x219 (size before relaxing)
 .debug_line_str
                0x00000000000009ce       0x3b /tmp/ccogdOHq.debug.temp.o
                                        0x1ee (size before relaxing)
 .debug_line_str
                0x0000000000000a09       0x3e /tmp/ccIEYXdx.debug.temp.o
                                        0x15a (size before relaxing)
 .debug_line_str
                0x0000000000000a47       0xa6 /tmp/ccQ2e0H4.debug.temp.o
                                        0x161 (size before relaxing)
 .debug_line_str
                0x0000000000000aed       0x5b /tmp/ccci4Zf5.debug.temp.o
                                        0x184 (size before relaxing)
 .debug_line_str
                0x0000000000000b48       0x4c /tmp/ccMS1cMT.debug.temp.o
                                        0x18a (size before relaxing)
 .debug_line_str
                0x0000000000000b94       0x49 /tmp/ccQaQVuI.debug.temp.o
                                        0x184 (size before relaxing)
 .debug_line_str
                0x0000000000000bdd       0x48 /tmp/ccCJCBBP.debug.temp.o
                                        0x145 (size before relaxing)
 .debug_line_str
                0x0000000000000c25       0x42 /tmp/ccUo4vpL.debug.temp.o
                                        0x127 (size before relaxing)
 .debug_line_str
                0x0000000000000c67      0x129 /tmp/cc0N6U9E.debug.temp.o
                                        0x233 (size before relaxing)
 .debug_line_str
                0x0000000000000d90       0x42 /tmp/ccejbmB5.debug.temp.o
                                        0x1a6 (size before relaxing)
 .debug_line_str
                0x0000000000000dd2      0x151 /tmp/ccgK09SL.debug.temp.o
                                        0x317 (size before relaxing)
 .debug_line_str
                0x0000000000000f23       0x53 /tmp/ccuLNyWq.debug.temp.o
                                        0x23d (size before relaxing)
 .debug_line_str
                0x0000000000000f76       0xd9 /tmp/ccedDCki.debug.temp.o
                                        0x2b7 (size before relaxing)
 .debug_line_str
                0x000000000000104f       0xd1 /tmp/cc2QlmuF.debug.temp.o
                                        0x29a (size before relaxing)
 .debug_line_str
                0x0000000000001120       0xe5 /tmp/ccwMcVLE.debug.temp.o
                                        0x2ae (size before relaxing)
 .debug_line_str
                0x0000000000001205      0x132 /tmp/ccWpkIjZ.debug.temp.o
                                        0x2c7 (size before relaxing)
 .debug_line_str
                0x0000000000001337      0x14c /tmp/cc6sOIAc.debug.temp.o
                                        0x33f (size before relaxing)
 .debug_line_str
                0x0000000000001483      0x125 /tmp/cc4v3HvA.debug.temp.o
                                        0x335 (size before relaxing)
 .debug_line_str
                0x00000000000015a8      0x105 /tmp/ccJrL362.debug.temp.o
                                        0x2c6 (size before relaxing)

.debug_frame    0x0000000000000000      0xb20
 .debug_frame   0x0000000000000000      0xb20 /tmp/ccc4sr3L.ltrans0.ltrans.o
