Archive member included to satisfy reference by file (symbol)

$EDK_PATH/Build/MdeModule/DEBUG_GCC5/X64/MdeModulePkg/Bus/Scsi/ScsiBusDxe/ScsiBusDxe/OUTPUT/ScsiBus.lib(ComponentName.obj)
                              (--whole-archive)
$EDK_PATH/Build/MdeModule/DEBUG_GCC5/X64/MdeModulePkg/Bus/Scsi/ScsiBusDxe/ScsiBusDxe/OUTPUT/ScsiBus.lib(ScsiBus.obj)
                              (--whole-archive)
$EDK_PATH/Build/MdeModule/DEBUG_GCC5/X64/MdeModulePkg/Bus/Scsi/ScsiBusDxe/ScsiBusDxe/OUTPUT/ScsiBus.lib(AutoGen.obj)
                              (--whole-archive)
$EDK_PATH/Build/MdeModule/DEBUG_GCC5/X64/MdePkg/Library/RegisterFilterLibNull/RegisterFilterLibNull/OUTPUT/FilterLibNull.lib(RegisterFilterLibNull.obj)
                              (--whole-archive)
$EDK_PATH/Build/MdeModule/DEBUG_GCC5/X64/MdePkg/Library/BasePcdLibNull/BasePcdLibNull/OUTPUT/BasePcdLibNull.lib(PcdLib.obj)
                              (--whole-archive)
$EDK_PATH/Build/MdeModule/DEBUG_GCC5/X64/MdePkg/Library/BaseLib/BaseLib/OUTPUT/BaseLib.lib(CheckSum.obj)
                              (--whole-archive)
$EDK_PATH/Build/MdeModule/DEBUG_GCC5/X64/MdePkg/Library/BaseLib/BaseLib/OUTPUT/BaseLib.lib(SwitchStack.obj)
                              (--whole-archive)
$EDK_PATH/Build/MdeModule/DEBUG_GCC5/X64/MdePkg/Library/BaseLib/BaseLib/OUTPUT/BaseLib.lib(SwapBytes64.obj)
                              (--whole-archive)
$EDK_PATH/Build/MdeModule/DEBUG_GCC5/X64/MdePkg/Library/BaseLib/BaseLib/OUTPUT/BaseLib.lib(SwapBytes32.obj)
                              (--whole-archive)
$EDK_PATH/Build/MdeModule/DEBUG_GCC5/X64/MdePkg/Library/BaseLib/BaseLib/OUTPUT/BaseLib.lib(SwapBytes16.obj)
                              (--whole-archive)
$EDK_PATH/Build/MdeModule/DEBUG_GCC5/X64/MdePkg/Library/BaseLib/BaseLib/OUTPUT/BaseLib.lib(LongJump.obj)
                              (--whole-archive)
$EDK_PATH/Build/MdeModule/DEBUG_GCC5/X64/MdePkg/Library/BaseLib/BaseLib/OUTPUT/BaseLib.lib(SetJump.obj)
                              (--whole-archive)
$EDK_PATH/Build/MdeModule/DEBUG_GCC5/X64/MdePkg/Library/BaseLib/BaseLib/OUTPUT/BaseLib.lib(QuickSort.obj)
                              (--whole-archive)
$EDK_PATH/Build/MdeModule/DEBUG_GCC5/X64/MdePkg/Library/BaseLib/BaseLib/OUTPUT/BaseLib.lib(RShiftU64.obj)
                              (--whole-archive)
$EDK_PATH/Build/MdeModule/DEBUG_GCC5/X64/MdePkg/Library/BaseLib/BaseLib/OUTPUT/BaseLib.lib(RRotU64.obj)
                              (--whole-archive)
$EDK_PATH/Build/MdeModule/DEBUG_GCC5/X64/MdePkg/Library/BaseLib/BaseLib/OUTPUT/BaseLib.lib(RRotU32.obj)
                              (--whole-archive)
$EDK_PATH/Build/MdeModule/DEBUG_GCC5/X64/MdePkg/Library/BaseLib/BaseLib/OUTPUT/BaseLib.lib(MultU64x64.obj)
                              (--whole-archive)
$EDK_PATH/Build/MdeModule/DEBUG_GCC5/X64/MdePkg/Library/BaseLib/BaseLib/OUTPUT/BaseLib.lib(MultU64x32.obj)
                              (--whole-archive)
$EDK_PATH/Build/MdeModule/DEBUG_GCC5/X64/MdePkg/Library/BaseLib/BaseLib/OUTPUT/BaseLib.lib(MultS64x64.obj)
                              (--whole-archive)
$EDK_PATH/Build/MdeModule/DEBUG_GCC5/X64/MdePkg/Library/BaseLib/BaseLib/OUTPUT/BaseLib.lib(ModU64x32.obj)
                              (--whole-archive)
$EDK_PATH/Build/MdeModule/DEBUG_GCC5/X64/MdePkg/Library/BaseLib/BaseLib/OUTPUT/BaseLib.lib(LShiftU64.obj)
                              (--whole-archive)
$EDK_PATH/Build/MdeModule/DEBUG_GCC5/X64/MdePkg/Library/BaseLib/BaseLib/OUTPUT/BaseLib.lib(LRotU64.obj)
                              (--whole-archive)
$EDK_PATH/Build/MdeModule/DEBUG_GCC5/X64/MdePkg/Library/BaseLib/BaseLib/OUTPUT/BaseLib.lib(LRotU32.obj)
                              (--whole-archive)
$EDK_PATH/Build/MdeModule/DEBUG_GCC5/X64/MdePkg/Library/BaseLib/BaseLib/OUTPUT/BaseLib.lib(LowBitSet64.obj)
                              (--whole-archive)
$EDK_PATH/Build/MdeModule/DEBUG_GCC5/X64/MdePkg/Library/BaseLib/BaseLib/OUTPUT/BaseLib.lib(LowBitSet32.obj)
                              (--whole-archive)
$EDK_PATH/Build/MdeModule/DEBUG_GCC5/X64/MdePkg/Library/BaseLib/BaseLib/OUTPUT/BaseLib.lib(HighBitSet64.obj)
                              (--whole-archive)
$EDK_PATH/Build/MdeModule/DEBUG_GCC5/X64/MdePkg/Library/BaseLib/BaseLib/OUTPUT/BaseLib.lib(HighBitSet32.obj)
                              (--whole-archive)
$EDK_PATH/Build/MdeModule/DEBUG_GCC5/X64/MdePkg/Library/BaseLib/BaseLib/OUTPUT/BaseLib.lib(GetPowerOfTwo64.obj)
                              (--whole-archive)
$EDK_PATH/Build/MdeModule/DEBUG_GCC5/X64/MdePkg/Library/BaseLib/BaseLib/OUTPUT/BaseLib.lib(GetPowerOfTwo32.obj)
                              (--whole-archive)
$EDK_PATH/Build/MdeModule/DEBUG_GCC5/X64/MdePkg/Library/BaseLib/BaseLib/OUTPUT/BaseLib.lib(DivU64x64Remainder.obj)
                              (--whole-archive)
$EDK_PATH/Build/MdeModule/DEBUG_GCC5/X64/MdePkg/Library/BaseLib/BaseLib/OUTPUT/BaseLib.lib(DivU64x32Remainder.obj)
                              (--whole-archive)
[...]
Memory Configuration

Name             Origin             Length             Attributes
*default*        0x0000000000000000 0xffffffffffffffff

Linker script and memory map

START GROUP
LOAD /tmp/ccAv61N3.ltrans0.ltrans.o
LOAD /tmp/ccF12GoR.debug.temp.o
LOAD /tmp/ccZVWjTc.debug.temp.o
LOAD /tmp/ccr0LyxI.debug.temp.o
LOAD /tmp/ccNFvCMZ.debug.temp.o
LOAD /tmp/ccDkcDqN.debug.temp.o
LOAD /tmp/ccNrDBhu.debug.temp.o
LOAD /tmp/cch9j8GZ.debug.temp.o
LOAD /tmp/ccTYhTX0.debug.temp.o
LOAD /tmp/ccficSjg.debug.temp.o
LOAD /tmp/cc5MnBMQ.debug.temp.o
LOAD /tmp/ccFXMbzr.debug.temp.o
LOAD /tmp/ccjyPnit.debug.temp.o
LOAD /tmp/ccxT9SpQ.debug.temp.o
LOAD /tmp/ccLeVhYE.debug.temp.o
LOAD /tmp/ccpnhzzt.debug.temp.o
LOAD /tmp/ccvuywiL.debug.temp.o
LOAD /tmp/cczMpYVN.debug.temp.o
LOAD /tmp/ccRFdhtu.debug.temp.o
LOAD /tmp/ccjC652k.debug.temp.o
LOAD /tmp/cc0PaMv5.debug.temp.o
LOAD /tmp/ccFn2KjD.debug.temp.o
LOAD /tmp/ccBzdDdO.debug.temp.o
LOAD /tmp/cc7fBU52.debug.temp.o
LOAD /tmp/ccHaXPZR.debug.temp.o
LOAD /tmp/ccZz9Fzq.debug.temp.o
LOAD /tmp/ccxVxWUW.debug.temp.o
LOAD /tmp/ccp34qkX.debug.temp.o
LOAD /tmp/ccXQoRvk.debug.temp.o
LOAD /tmp/ccVRZjkV.debug.temp.o
LOAD /tmp/cc3HLsOI.debug.temp.o
LOAD /tmp/ccrMZLLn.debug.temp.o
LOAD /tmp/ccBjekdp.debug.temp.o
LOAD /tmp/cctx5CMx.debug.temp.o
LOAD /tmp/cc9k2xa0.debug.temp.o
LOAD /tmp/ccj6pq4O.debug.temp.o
LOAD /tmp/ccHQH8II.debug.temp.o
LOAD /tmp/ccz8dmE0.debug.temp.o
LOAD /tmp/ccpLgs83.debug.temp.o
LOAD /tmp/ccVLo0i9.debug.temp.o
LOAD /tmp/cchHuDue.debug.temp.o
LOAD /tmp/cct9EGf1.debug.temp.o
LOAD /tmp/cclpiJGq.debug.temp.o
LOAD /tmp/ccn05Cpo.debug.temp.o
LOAD /tmp/cc9iCBd8.debug.temp.o
LOAD /tmp/cctlqRL2.debug.temp.o
LOAD /tmp/ccpLLrPO.debug.temp.o
LOAD /tmp/cc3tELj1.debug.temp.o
LOAD /tmp/ccXyrUiN.debug.temp.o
LOAD /tmp/ccdZbbqy.debug.temp.o
LOAD /tmp/cc2w4UZ5.debug.temp.o
LOAD /tmp/cc3jH1k4.debug.temp.o
LOAD /tmp/cc5clppu.debug.temp.o
LOAD /tmp/ccNzLGrc.debug.temp.o
LOAD /tmp/cc1cTNiw.debug.temp.o
LOAD /tmp/ccPMuYML.debug.temp.o
LOAD /tmp/cc1gQjmA.debug.temp.o
LOAD /tmp/ccNFOppK.debug.temp.o
LOAD /tmp/ccTe5Wqz.debug.temp.o
LOAD /tmp/ccJr6F19.debug.temp.o
LOAD /tmp/ccx3uJGN.debug.temp.o
LOAD /tmp/cc9URz4Y.debug.temp.o
LOAD /tmp/ccD8DpKr.debug.temp.o
LOAD /tmp/ccV3etEZ.debug.temp.o
LOAD /tmp/cc7pLa7B.debug.temp.o
LOAD /tmp/cct194Tt.debug.temp.o
LOAD /tmp/ccbaY3yr.debug.temp.o
LOAD /tmp/ccX4Ie6D.debug.temp.o
LOAD /tmp/cclzbfQM.debug.temp.o
LOAD /tmp/ccFBLjFY.debug.temp.o
LOAD /tmp/ccp5qU41.debug.temp.o
LOAD /tmp/ccPUx6I4.debug.temp.o
LOAD /tmp/ccVPGSIQ.debug.temp.o
LOAD /tmp/ccJXFfXG.debug.temp.o
LOAD /tmp/ccHkaAOe.debug.temp.o
LOAD /tmp/cc1sIQa1.debug.temp.o
LOAD /tmp/ccZDWfPl.debug.temp.o
LOAD /tmp/cc7LhnNX.debug.temp.o
LOAD /tmp/ccLuiUph.debug.temp.o
LOAD /tmp/ccxXGAGq.debug.temp.o
LOAD /tmp/cchzldMt.debug.temp.o
LOAD /tmp/cc10Bssj.debug.temp.o
LOAD /tmp/ccVhhzx4.debug.temp.o
LOAD /tmp/cc71ywND.debug.temp.o
LOAD /tmp/ccRRpklv.debug.temp.o
LOAD /tmp/ccX2Coi3.debug.temp.o
LOAD /tmp/ccZxLkgl.debug.temp.o
LOAD /tmp/ccXSsetU.debug.temp.o
LOAD /tmp/ccrQHNgE.debug.temp.o
LOAD /tmp/ccbmZzVa.debug.temp.o
LOAD /tmp/ccN1jGPR.debug.temp.o
LOAD /tmp/cc1Y6Ma8.debug.temp.o
LOAD /tmp/ccrY1SA0.debug.temp.o
LOAD /tmp/ccbeXtJj.debug.temp.o
LOAD /tmp/ccbo4bC0.debug.temp.o
LOAD /tmp/cczCFDIA.debug.temp.o
LOAD /tmp/ccFXFEE5.debug.temp.o
LOAD /tmp/ccDkiYS2.debug.temp.o
LOAD /tmp/ccLwfcH7.debug.temp.o
LOAD /tmp/cczgWJzn.debug.temp.o
LOAD /tmp/cc3f9ccj.debug.temp.o
LOAD /tmp/cc9aCwk7.debug.temp.o
LOAD /tmp/cctZ1SZH.debug.temp.o
LOAD $EDK_PATH/Build/MdeModule/DEBUG_GCC5/X64/MdeModulePkg/Bus/Scsi/ScsiBusDxe/ScsiBusDxe/OUTPUT/ScsiBus.lib
LOAD $EDK_PATH/Build/MdeModule/DEBUG_GCC5/X64/MdePkg/Library/RegisterFilterLibNull/RegisterFilterLibNull/OUTPUT/FilterLibNull.lib
LOAD $EDK_PATH/Build/MdeModule/DEBUG_GCC5/X64/MdePkg/Library/BasePcdLibNull/BasePcdLibNull/OUTPUT/BasePcdLibNull.lib
LOAD $EDK_PATH/Build/MdeModule/DEBUG_GCC5/X64/MdePkg/Library/BaseLib/BaseLib/OUTPUT/BaseLib.lib
LOAD $EDK_PATH/Build/MdeModule/DEBUG_GCC5/X64/MdePkg/Library/BaseMemoryLib/BaseMemoryLib/OUTPUT/BaseMemoryLib.lib
LOAD $EDK_PATH/Build/MdeModule/DEBUG_GCC5/X64/MdePkg/Library/BaseDebugPrintErrorLevelLib/BaseDebugPrintErrorLevelLib/OUTPUT/BaseDebugPrintErrorLevelLib.lib
LOAD $EDK_PATH/Build/MdeModule/DEBUG_GCC5/X64/MdePkg/Library/BasePrintLib/BasePrintLib/OUTPUT/BasePrintLib.lib
LOAD $EDK_PATH/Build/MdeModule/DEBUG_GCC5/X64/MdePkg/Library/UefiDebugLibConOut/UefiDebugLibConOut/OUTPUT/UefiDebugLibConOut.lib
LOAD $EDK_PATH/Build/MdeModule/DEBUG_GCC5/X64/MdePkg/Library/UefiBootServicesTableLib/UefiBootServicesTableLib/OUTPUT/UefiBootServicesTableLib.lib
LOAD $EDK_PATH/Build/MdeModule/DEBUG_GCC5/X64/MdePkg/Library/UefiMemoryAllocationLib/UefiMemoryAllocationLib/OUTPUT/UefiMemoryAllocationLib.lib
LOAD $EDK_PATH/Build/MdeModule/DEBUG_GCC5/X64/MdePkg/Library/UefiRuntimeServicesTableLib/UefiRuntimeServicesTableLib/OUTPUT/UefiRuntimeServicesTableLib.lib
LOAD $EDK_PATH/Build/MdeModule/DEBUG_GCC5/X64/MdePkg/Library/UefiDevicePathLib/UefiDevicePathLib/OUTPUT/UefiDevicePathLib.lib
LOAD $EDK_PATH/Build/MdeModule/DEBUG_GCC5/X64/MdePkg/Library/UefiScsiLib/UefiScsiLib/OUTPUT/UefiScsiLib.lib
LOAD $EDK_PATH/Build/MdeModule/DEBUG_GCC5/X64/MdePkg/Library/UefiLib/UefiLib/OUTPUT/UefiLib.lib
LOAD $EDK_PATH/Build/MdeModule/DEBUG_GCC5/X64/MdePkg/Library/UefiDriverEntryPoint/UefiDriverEntryPoint/OUTPUT/UefiDriverEntryPoint.lib
LOAD $EDK_PATH/Build/MdeModule/DEBUG_GCC5/X64/MdePkg/Library/BaseReportStatusCodeLibNull/BaseReportStatusCodeLibNull/OUTPUT/BaseReportStatusCodeLibNull.lib
END GROUP
                0x0000000000000228                PECOFF_HEADER_SIZE = 0x228
                0x0000000000000228                . = PECOFF_HEADER_SIZE

.text           0x0000000000000240     0x3eee
 *(.text .text.* .stub .gnu.linkonce.t.*)
 .text.ScsiBusComponentNameGetControllerName
                0x0000000000000240        0xf /tmp/ccAv61N3.ltrans0.ltrans.o
 .text.NotifyFunction
                0x000000000000024f       0xb8 /tmp/ccAv61N3.ltrans0.ltrans.o
 .text.AsciiStrnLenS
                0x0000000000000307       0x26 /tmp/ccAv61N3.ltrans0.ltrans.o
 .text.BasePrintLibFillBuffer
                0x000000000000032d       0x2d /tmp/ccAv61N3.ltrans0.ltrans.o
 .text.DebugPrintEnabled
                0x000000000000035a        0x3 /tmp/ccAv61N3.ltrans0.ltrans.o
 .text.ExitBootServicesCallback
                0x000000000000035d        0xc /tmp/ccAv61N3.ltrans0.ltrans.o
 .text.InternalAllocatePool.constprop.0
                0x0000000000000369       0x35 /tmp/ccAv61N3.ltrans0.ltrans.o
 .text.InternalMemSetMem
                0x000000000000039e       0xd7 /tmp/ccAv61N3.ltrans0.ltrans.o
 .text.BasePrintLibSPrint.constprop.0
                0x0000000000000475       0x9b /tmp/ccAv61N3.ltrans0.ltrans.o
 .text.BasePrintLibSPrintMarker.constprop.0
                0x0000000000000510      0xad8 /tmp/ccAv61N3.ltrans0.ltrans.o
 .text.UnicodeVSPrintAsciiFormat.constprop.0
                0x0000000000000fe8       0x94 /tmp/ccAv61N3.ltrans0.ltrans.o
 .text.DebugPrintMarker.constprop.0
                0x000000000000107c       0x65 /tmp/ccAv61N3.ltrans0.ltrans.o
 .text.DebugPrint.constprop.0
                0x00000000000010e1       0x96 /tmp/ccAv61N3.ltrans0.ltrans.o
 .text.UnicodeSPrintAsciiFormat.constprop.0
                0x0000000000001177       0x27 /tmp/ccAv61N3.ltrans0.ltrans.o
 .text.DebugAssert.part.0
                0x000000000000119e       0x67 /tmp/ccAv61N3.ltrans0.ltrans.o
 .text.DebugAssert
                0x0000000000001205        0xf /tmp/ccAv61N3.ltrans0.ltrans.o
 .text.ScsiGetDeviceType
                0x0000000000001214       0x5d /tmp/ccAv61N3.ltrans0.ltrans.o
 .text.ProcessLibraryDestructorList
                0x0000000000001271       0x14 /tmp/ccAv61N3.ltrans0.ltrans.o
 .text.AsciiStrLen
                0x0000000000001285       0x71 /tmp/ccAv61N3.ltrans0.ltrans.o
 .text.AsciiStrnCmp.part.0
                0x00000000000012f6       0xbb /tmp/ccAv61N3.ltrans0.ltrans.o
 .text.ReadUnaligned16
                0x00000000000013b1        0x4 /tmp/ccAv61N3.ltrans0.ltrans.o
 .text.ReadUnaligned24
                0x00000000000013b5       0x37 /tmp/ccAv61N3.ltrans0.ltrans.o
 .text.ScsiBusComponentNameGetDriverName
                0x00000000000013ec      0x139 /tmp/ccAv61N3.ltrans0.ltrans.o
 .text.ZeroMem  0x0000000000001525       0x7d /tmp/ccAv61N3.ltrans0.ltrans.o
 .text.AllocateZeroPool
                0x00000000000015a2       0xde /tmp/ccAv61N3.ltrans0.ltrans.o
 .text.CopyMem  0x0000000000001680      0x24e /tmp/ccAv61N3.ltrans0.ltrans.o
 .text.ScsiGetDeviceLocation
                0x00000000000018ce       0x82 /tmp/ccAv61N3.ltrans0.ltrans.o
 .text.FreeAlignedPages
                0x0000000000001950       0x8c /tmp/ccAv61N3.ltrans0.ltrans.o
 .text.FreePool
                0x00000000000019dc       0x4f /tmp/ccAv61N3.ltrans0.ltrans.o
 .text.ScsiExecuteSCSICommand
                0x0000000000001a2b      0x382 /tmp/ccAv61N3.ltrans0.ltrans.o
 .text.SCSIBusDriverBindingStop
                0x0000000000001dad      0x28e /tmp/ccAv61N3.ltrans0.ltrans.o
 .text.DevicePathType
                0x000000000000203b       0x32 /tmp/ccAv61N3.ltrans0.ltrans.o
 .text.DevicePathSubType
                0x000000000000206d       0x33 /tmp/ccAv61N3.ltrans0.ltrans.o
 .text.DevicePathNodeLength
                0x00000000000020a0       0x3c /tmp/ccAv61N3.ltrans0.ltrans.o
 .text.NextDevicePathNode
                0x00000000000020dc       0x3b /tmp/ccAv61N3.ltrans0.ltrans.o
 .text.IsDevicePathEnd
                0x0000000000002117       0x70 /tmp/ccAv61N3.ltrans0.ltrans.o
 .text.SCSIBusDriverBindingSupported
                0x0000000000002187      0x1a8 /tmp/ccAv61N3.ltrans0.ltrans.o
 .text.IsDevicePathValid.constprop.0
                0x000000000000232f       0x95 /tmp/ccAv61N3.ltrans0.ltrans.o
 .text.UefiDevicePathLibGetDevicePathSize
                0x00000000000023c4       0x58 /tmp/ccAv61N3.ltrans0.ltrans.o
 .text.UefiDevicePathLibDuplicateDevicePath
                0x000000000000241c      0x13a /tmp/ccAv61N3.ltrans0.ltrans.o
 .text.InternalAllocateAlignedPages.constprop.0
                0x0000000000002556      0x215 /tmp/ccAv61N3.ltrans0.ltrans.o
 .text.SCSIBusDriverBindingStart
                0x000000000000276b      0xa6b /tmp/ccAv61N3.ltrans0.ltrans.o
 .text.ScsiResetBus
                0x00000000000031d6       0x53 /tmp/ccAv61N3.ltrans0.ltrans.o
 .text.ScsiResetDevice
                0x0000000000003229       0x7e /tmp/ccAv61N3.ltrans0.ltrans.o
 .text._ModuleEntryPoint
                0x00000000000032a7      0x197 /tmp/ccAv61N3.ltrans0.ltrans.o
                0x00000000000032a7                _ModuleEntryPoint
 *(.rodata .rodata.* .gnu.linkonce.r.*)
 .rodata.BasePrintLibSPrintMarker.constprop.0.str1.1
                0x000000000000343e      0x191 /tmp/ccAv61N3.ltrans0.ltrans.o
 *fill*         0x00000000000035cf        0x1 
 .rodata.BasePrintLibSPrintMarker.constprop.0
                0x00000000000035d0       0xec /tmp/ccAv61N3.ltrans0.ltrans.o
 .rodata.DebugPrintMarker.constprop.0.str1.1
                0x00000000000036bc       0x21 /tmp/ccAv61N3.ltrans0.ltrans.o
 .rodata.UnicodeSPrintAsciiFormat.constprop.0.str1.1
                0x00000000000036dd       0x18 /tmp/ccAv61N3.ltrans0.ltrans.o
 .rodata.DebugAssert.part.0.str1.1
                0x00000000000036f5        0x8 /tmp/ccAv61N3.ltrans0.ltrans.o
 .rodata.ScsiGetDeviceType.str1.1
                0x00000000000036fd       0x5b /tmp/ccAv61N3.ltrans0.ltrans.o
 .rodata.AsciiStrLen.str1.1
                0x0000000000003758       0x8a /tmp/ccAv61N3.ltrans0.ltrans.o
 .rodata.AsciiStrnCmp.part.0.str1.1
                0x00000000000037e2       0x70 /tmp/ccAv61N3.ltrans0.ltrans.o
 .rodata.ReadUnaligned24.str1.1
                0x0000000000003852       0x3e /tmp/ccAv61N3.ltrans0.ltrans.o
 .rodata.ZeroMem.str1.1
                0x0000000000003890       0x7f /tmp/ccAv61N3.ltrans0.ltrans.o
 .rodata.CopyMem.str1.1
                0x000000000000390f       0xca /tmp/ccAv61N3.ltrans0.ltrans.o
 .rodata.FreeAlignedPages.str1.1
                0x00000000000039d9       0x99 /tmp/ccAv61N3.ltrans0.ltrans.o
 .rodata.DevicePathType.str1.1
                0x0000000000003a72       0x67 /tmp/ccAv61N3.ltrans0.ltrans.o
 .rodata.SCSIBusDriverBindingSupported.str1.1
                0x0000000000003ad9       0x80 /tmp/ccAv61N3.ltrans0.ltrans.o
 .rodata.UefiDevicePathLibDuplicateDevicePath.str1.1
                0x0000000000003b59       0x3e /tmp/ccAv61N3.ltrans0.ltrans.o
 .rodata.InternalAllocateAlignedPages.constprop.0.str1.1
                0x0000000000003b97       0x35 /tmp/ccAv61N3.ltrans0.ltrans.o
 .rodata._ModuleEntryPoint.str1.1
                0x0000000000003bcc      0x14b /tmp/ccAv61N3.ltrans0.ltrans.o
 *fill*         0x0000000000003d17        0x9 
 .rodata.mHexStr
                0x0000000000003d20       0x10 /tmp/ccAv61N3.ltrans0.ltrans.o
 *fill*         0x0000000000003d30       0x10 
 .rodata.mWarningString
                0x0000000000003d40       0xc8 /tmp/ccAv61N3.ltrans0.ltrans.o
 *fill*         0x0000000000003e08       0x18 
 .rodata.mErrorString
                0x0000000000003e20      0x2df /tmp/ccAv61N3.ltrans0.ltrans.o
 .rodata.mUefiDevicePathLibEndDevicePath
                0x00000000000040ff        0x4 /tmp/ccAv61N3.ltrans0.ltrans.o
 .rodata.str1.1
                0x0000000000004103        0xb /tmp/ccAv61N3.ltrans0.ltrans.o
 .rodata.str2.2
                0x000000000000410e       0x20 /tmp/ccAv61N3.ltrans0.ltrans.o
 *(.got .got.*)
 .got           0x000000000000412e        0x0 ComponentName.obj (symbol from plugin)
 .got.plt       0x000000000000412e        0x0 ComponentName.obj (symbol from plugin)
 *:AutoGen.obj(.data.g*Guid)

.plt            0x0000000000004130        0x0
 .plt           0x0000000000004130        0x0 ComponentName.obj (symbol from plugin)

.plt.got        0x0000000000004130        0x0
 .plt.got       0x0000000000004130        0x0 ComponentName.obj (symbol from plugin)

.data           0x0000000000004140      0x118
 *(.data .data.* .gnu.linkonce.d.*)
 .data.gEfiComponentNameProtocolGuid
                0x0000000000004140       0x10 /tmp/ccAv61N3.ltrans0.ltrans.o
 .data.gEfiDriverBindingProtocolGuid
                0x0000000000004150       0x10 /tmp/ccAv61N3.ltrans0.ltrans.o
 .data.rel.local.gSCSIBusDriverBinding
                0x0000000000004160       0x30 /tmp/ccAv61N3.ltrans0.ltrans.o
 .data.gEfiScsiIoProtocolGuid
                0x0000000000004190       0x10 /tmp/ccAv61N3.ltrans0.ltrans.o
 .data.gEfiCallerIdGuid
                0x00000000000041a0       0x10 /tmp/ccAv61N3.ltrans0.ltrans.o
 .data.gEfiDevicePathProtocolGuid
                0x00000000000041b0       0x10 /tmp/ccAv61N3.ltrans0.ltrans.o
 .data.gEfiScsiPassThruProtocolGuid
                0x00000000000041c0       0x10 /tmp/ccAv61N3.ltrans0.ltrans.o
 .data.gEfiExtScsiPassThruProtocolGuid
                0x00000000000041d0       0x10 /tmp/ccAv61N3.ltrans0.ltrans.o
 .data.rel.local.mScsiBusDriverNameTable
                0x00000000000041e0       0x20 /tmp/ccAv61N3.ltrans0.ltrans.o
 .data.rel.local.gScsiBusComponentName
                0x0000000000004200       0x18 /tmp/ccAv61N3.ltrans0.ltrans.o
 .data.rel.ro   0x0000000000004218        0x0 ComponentName.obj (symbol from plugin)
 *(.bss .bss.*)
 .bss.gImageHandle
                0x0000000000004218        0x8 /tmp/ccAv61N3.ltrans0.ltrans.o
 .bss.gRT       0x0000000000004220        0x8 /tmp/ccAv61N3.ltrans0.ltrans.o
 .bss.gST       0x0000000000004228        0x8 /tmp/ccAv61N3.ltrans0.ltrans.o
 .bss.mDebugST  0x0000000000004230        0x8 /tmp/ccAv61N3.ltrans0.ltrans.o
 .bss.mPostEBS  0x0000000000004238        0x1 /tmp/ccAv61N3.ltrans0.ltrans.o
 *fill*         0x0000000000004239        0x7 
 .bss.mExitBootServicesEvent
                0x0000000000004240        0x8 /tmp/ccAv61N3.ltrans0.ltrans.o
 .bss.mWorkingBuffer
                0x0000000000004248        0x8 /tmp/ccAv61N3.ltrans0.ltrans.o
 .bss.gBS       0x0000000000004250        0x8 /tmp/ccAv61N3.ltrans0.ltrans.o

.eh_frame       0x0000000000004280        0x0
 *(.eh_frame)
 .eh_frame      0x0000000000004280        0x0 ComponentName.obj (symbol from plugin)
 .eh_frame      0x0000000000004280        0x0 ComponentName.obj (symbol from plugin)

.dynbss         0x0000000000004280        0x0
 .dynbss        0x0000000000004280        0x0 ComponentName.obj (symbol from plugin)

.gnu.version_d  0x0000000000004280        0x0
 .gnu.version_d
                0x0000000000004280        0x0 ComponentName.obj (symbol from plugin)

.gnu.version    0x0000000000004280        0x0
 .gnu.version   0x0000000000004280        0x0 ComponentName.obj (symbol from plugin)

.gnu.version_r  0x0000000000004280        0x0
 .gnu.version_r
                0x0000000000004280        0x0 ComponentName.obj (symbol from plugin)

.rela           0x0000000000004280       0xc0
 *(.rela .rela.*)
 .rela.plt      0x0000000000004280        0x0 ComponentName.obj (symbol from plugin)
 .rela.got      0x0000000000004280        0x0 ComponentName.obj (symbol from plugin)
 .rela.bss      0x0000000000004280        0x0 ComponentName.obj (symbol from plugin)
 .rela.data.rel.ro
                0x0000000000004280        0x0 ComponentName.obj (symbol from plugin)
 .rela.ifunc    0x0000000000004280        0x0 ComponentName.obj (symbol from plugin)
 .rela.data.rel.local.gSCSIBusDriverBinding
                0x0000000000004280       0x48 ComponentName.obj (symbol from plugin)
 .rela.data.rel.local.mScsiBusDriverNameTable
                0x00000000000042c8       0x30 ComponentName.obj (symbol from plugin)
 .rela.data.rel.local.gScsiBusComponentName
                0x00000000000042f8       0x48 ComponentName.obj (symbol from plugin)

.hii
 *(.hii)

.got            0x0000000000004340        0x0
 *(.got)
                0x0000000000000001                ASSERT ((SIZEOF (.got) == 0x0), Unexpected GOT entries detected!)

.got.plt        0x0000000000004340        0x0
 *(.got.plt)
                0x0000000000000001                ASSERT ((((SIZEOF (.got.plt) == 0x0) || (SIZEOF (.got.plt) == 0xc)) || (SIZEOF (.got.plt) == 0x18)), Unexpected GOT/PLT entries detected!)

.build-id       0x0000000000004340       0x24
 *(.note.gnu.build-id)
 .note.gnu.build-id
                0x0000000000004340       0x24 ComponentName.obj (symbol from plugin)

/DISCARD/
 *(.note.GNU-stack)
 *(.gnu_debuglink)
 *(.interp)
 *(.dynsym)
 *(.dynstr)
 *(.dynamic)
 *(.hash .gnu.hash)
 *(.comment)
OUTPUT($EDK_PATH/Build/MdeModule/DEBUG_GCC5/X64/MdeModulePkg/Bus/Scsi/ScsiBusDxe/ScsiBusDxe/DEBUG/ScsiBus.dll elf64-x86-64)

.debug_info     0x0000000000000000    0x1c3a4
 .debug_info    0x0000000000000000     0x413b /tmp/ccAv61N3.ltrans0.ltrans.o
 .debug_info    0x000000000000413b      0x33e /tmp/ccF12GoR.debug.temp.o
                0x000000000000413b                ComponentName.c.89e348f4
 .debug_info    0x0000000000004479     0x2c3f /tmp/ccZVWjTc.debug.temp.o
                0x0000000000004479                ScsiBus.c.60fccc8a
 .debug_info    0x00000000000070b8     0x1cf8 /tmp/ccr0LyxI.debug.temp.o
                0x00000000000070b8                AutoGen.c.5c8c3f7c
 .debug_info    0x0000000000008db0      0x1a7 /tmp/ccjyPnit.debug.temp.o
                0x0000000000008db0                SetJump.c.17479354
 .debug_info    0x0000000000008f57      0x100 /tmp/ccFn2KjD.debug.temp.o
                0x0000000000008f57                LShiftU64.c.9e889bfe
 .debug_info    0x0000000000009057       0xa8 /tmp/ccHQH8II.debug.temp.o
                0x0000000000009057                CpuDeadLoop.c.3e3c2621
 .debug_info    0x00000000000090ff     0x1098 /tmp/ccVLo0i9.debug.temp.o
                0x00000000000090ff                SafeString.c.b25f47d2
 .debug_info    0x000000000000a197      0x7a9 /tmp/cchHuDue.debug.temp.o
                0x000000000000a197                String.c.1537a5d8
 .debug_info    0x000000000000a940      0x2d6 /tmp/cc9iCBd8.debug.temp.o
                0x000000000000a940                Math64.c.27d7dcc8
 .debug_info    0x000000000000ac16      0x228 /tmp/cctlqRL2.debug.temp.o
                0x000000000000ac16                Unaligned.c.f3fe8d54
 .debug_info    0x000000000000ae3e      0x136 /tmp/cct194Tt.debug.temp.o
                0x000000000000ae3e                SetMem.c.936b7c3a
 .debug_info    0x000000000000af74      0x104 /tmp/ccp5qU41.debug.temp.o
                0x000000000000af74                ZeroMemWrapper.c.9700a07f
 .debug_info    0x000000000000b078      0x17a /tmp/cc1sIQa1.debug.temp.o
                0x000000000000b078                SetMemWrapper.c.9a0b02ac
 .debug_info    0x000000000000b1f2      0x119 /tmp/ccZDWfPl.debug.temp.o
                0x000000000000b1f2                CopyMemWrapper.c.8b4b563b
 .debug_info    0x000000000000b30b      0x32b /tmp/ccLuiUph.debug.temp.o
                0x000000000000b30b                MemLibGeneric.c.06c615eb
 .debug_info    0x000000000000b636      0x154 /tmp/cchzldMt.debug.temp.o
                0x000000000000b636                CopyMem.c.26d266e6
 .debug_info    0x000000000000b78a      0x764 /tmp/ccVhhzx4.debug.temp.o
                0x000000000000b78a                PrintLibInternal.c.4c4cda6c
 .debug_info    0x000000000000beee      0x588 /tmp/cc71ywND.debug.temp.o
                0x000000000000beee                PrintLib.c.a1cf8c1f
 .debug_info    0x000000000000c476     0x19b1 /tmp/ccRRpklv.debug.temp.o
                0x000000000000c476                DebugLib.c.55183da0
 .debug_info    0x000000000000de27     0x177c /tmp/ccX2Coi3.debug.temp.o
                0x000000000000de27                DebugLibConstructor.c.22e75e24
 .debug_info    0x000000000000f5a3     0x1787 /tmp/ccZxLkgl.debug.temp.o
                0x000000000000f5a3                UefiBootServicesTableLib.c.5ed2f1bc
 .debug_info    0x0000000000010d2a     0x1366 /tmp/ccXSsetU.debug.temp.o
                0x0000000000010d2a                MemoryAllocationLib.c.713725c3
 .debug_info    0x0000000000012090     0x175e /tmp/ccrQHNgE.debug.temp.o
                0x0000000000012090                UefiRuntimeServicesTableLib.c.9a4104ed
 .debug_info    0x00000000000137ee      0x6ac /tmp/ccbmZzVa.debug.temp.o
                0x00000000000137ee                DevicePathUtilities.c.2dd7a073
 .debug_info    0x0000000000013e9a      0x3f7 /tmp/ccbeXtJj.debug.temp.o
                0x0000000000013e9a                UefiDevicePathLib.c.607cc11f
 .debug_info    0x0000000000014291     0x1d9d /tmp/ccbo4bC0.debug.temp.o
                0x0000000000014291                UefiScsiLib.c.869121e4
 .debug_info    0x000000000001602e     0x2042 /tmp/ccDkiYS2.debug.temp.o
                0x000000000001602e                UefiDriverModel.c.af416e0c
 .debug_info    0x0000000000018070     0x25bc /tmp/cczgWJzn.debug.temp.o
                0x0000000000018070                UefiLib.c.81c9aba8
 .debug_info    0x000000000001a62c     0x1951 /tmp/cc9aCwk7.debug.temp.o
                0x000000000001a62c                DriverEntryPoint.c.54cff60b
 .debug_info    0x000000000001bf7d      0x427 /tmp/cctZ1SZH.debug.temp.o
                0x000000000001bf7d                BaseReportStatusCodeLib.c.1cc1361a

.debug_abbrev   0x0000000000000000     0x3154
 .debug_abbrev  0x0000000000000000      0x248 /tmp/ccAv61N3.ltrans0.ltrans.o
 .debug_abbrev  0x0000000000000248      0x136 /tmp/ccF12GoR.debug.temp.o
 .debug_abbrev  0x000000000000037e      0x3a2 /tmp/ccZVWjTc.debug.temp.o
 .debug_abbrev  0x0000000000000720      0x2e4 /tmp/ccr0LyxI.debug.temp.o
 .debug_abbrev  0x0000000000000a04       0xe0 /tmp/ccjyPnit.debug.temp.o
 .debug_abbrev  0x0000000000000ae4       0xb2 /tmp/ccFn2KjD.debug.temp.o
 .debug_abbrev  0x0000000000000b96       0x71 /tmp/ccHQH8II.debug.temp.o
 .debug_abbrev  0x0000000000000c07      0x1c7 /tmp/ccVLo0i9.debug.temp.o
 .debug_abbrev  0x0000000000000dce      0x157 /tmp/cchHuDue.debug.temp.o
 .debug_abbrev  0x0000000000000f25       0xd0 /tmp/cc9iCBd8.debug.temp.o
 .debug_abbrev  0x0000000000000ff5       0xb6 /tmp/cctlqRL2.debug.temp.o
 .debug_abbrev  0x00000000000010ab       0xa1 /tmp/cct194Tt.debug.temp.o
 .debug_abbrev  0x000000000000114c       0xb8 /tmp/ccp5qU41.debug.temp.o
 .debug_abbrev  0x0000000000001204       0xce /tmp/cc1sIQa1.debug.temp.o
 .debug_abbrev  0x00000000000012d2       0xbe /tmp/ccZDWfPl.debug.temp.o
 .debug_abbrev  0x0000000000001390       0xf0 /tmp/ccLuiUph.debug.temp.o
 .debug_abbrev  0x0000000000001480       0x8f /tmp/cchzldMt.debug.temp.o
 .debug_abbrev  0x000000000000150f      0x19f /tmp/ccVhhzx4.debug.temp.o
 .debug_abbrev  0x00000000000016ae      0x15a /tmp/cc71ywND.debug.temp.o
 .debug_abbrev  0x0000000000001808      0x287 /tmp/ccRRpklv.debug.temp.o
 .debug_abbrev  0x0000000000001a8f      0x1d5 /tmp/ccX2Coi3.debug.temp.o
 .debug_abbrev  0x0000000000001c64      0x20a /tmp/ccZxLkgl.debug.temp.o
 .debug_abbrev  0x0000000000001e6e      0x274 /tmp/ccXSsetU.debug.temp.o
 .debug_abbrev  0x00000000000020e2      0x1da /tmp/ccrQHNgE.debug.temp.o
 .debug_abbrev  0x00000000000022bc      0x1e6 /tmp/ccbmZzVa.debug.temp.o
 .debug_abbrev  0x00000000000024a2      0x114 /tmp/ccbeXtJj.debug.temp.o
 .debug_abbrev  0x00000000000025b6      0x2a6 /tmp/ccbo4bC0.debug.temp.o
 .debug_abbrev  0x000000000000285c      0x27f /tmp/ccDkiYS2.debug.temp.o
 .debug_abbrev  0x0000000000002adb      0x2e9 /tmp/cczgWJzn.debug.temp.o
 .debug_abbrev  0x0000000000002dc4      0x25d /tmp/cc9aCwk7.debug.temp.o
 .debug_abbrev  0x0000000000003021      0x133 /tmp/cctZ1SZH.debug.temp.o

.debug_loclists
                0x0000000000000000     0x3b5f
 .debug_loclists
                0x0000000000000000     0x3b5f /tmp/ccAv61N3.ltrans0.ltrans.o

.debug_aranges  0x0000000000000000      0x330
 .debug_aranges
                0x0000000000000000      0x330 /tmp/ccAv61N3.ltrans0.ltrans.o

.debug_rnglists
                0x0000000000000000      0x478
 .debug_rnglists
                0x0000000000000000      0x478 /tmp/ccAv61N3.ltrans0.ltrans.o

.debug_line     0x0000000000000000     0x35d1
 .debug_line    0x0000000000000000     0x28d4 /tmp/ccAv61N3.ltrans0.ltrans.o
 .debug_line    0x00000000000028d4       0x71 /tmp/ccF12GoR.debug.temp.o
 .debug_line    0x0000000000002945       0xe1 /tmp/ccZVWjTc.debug.temp.o
 .debug_line    0x0000000000002a26       0x93 /tmp/ccr0LyxI.debug.temp.o
 .debug_line    0x0000000000002ab9       0x51 /tmp/ccjyPnit.debug.temp.o
 .debug_line    0x0000000000002b0a       0x51 /tmp/ccFn2KjD.debug.temp.o
 .debug_line    0x0000000000002b5b       0x4c /tmp/ccHQH8II.debug.temp.o
 .debug_line    0x0000000000002ba7       0x6d /tmp/ccVLo0i9.debug.temp.o
 .debug_line    0x0000000000002c14       0x63 /tmp/cchHuDue.debug.temp.o
 .debug_line    0x0000000000002c77       0x4c /tmp/cc9iCBd8.debug.temp.o
 .debug_line    0x0000000000002cc3       0x51 /tmp/cctlqRL2.debug.temp.o
 .debug_line    0x0000000000002d14       0x4c /tmp/cct194Tt.debug.temp.o
 .debug_line    0x0000000000002d60       0x51 /tmp/ccp5qU41.debug.temp.o
 .debug_line    0x0000000000002db1       0x56 /tmp/cc1sIQa1.debug.temp.o
 .debug_line    0x0000000000002e07       0x51 /tmp/ccZDWfPl.debug.temp.o
 .debug_line    0x0000000000002e58       0x48 /tmp/ccLuiUph.debug.temp.o
 .debug_line    0x0000000000002ea0       0x43 /tmp/cchzldMt.debug.temp.o
 .debug_line    0x0000000000002ee3       0x68 /tmp/ccVhhzx4.debug.temp.o
 .debug_line    0x0000000000002f4b       0x5a /tmp/cc71ywND.debug.temp.o
 .debug_line    0x0000000000002fa5       0x93 /tmp/ccRRpklv.debug.temp.o
 .debug_line    0x0000000000003038       0x72 /tmp/ccX2Coi3.debug.temp.o
 .debug_line    0x00000000000030aa       0x80 /tmp/ccZxLkgl.debug.temp.o
 .debug_line    0x000000000000312a       0x7b /tmp/ccXSsetU.debug.temp.o
 .debug_line    0x00000000000031a5       0x7b /tmp/ccrQHNgE.debug.temp.o
 .debug_line    0x0000000000003220       0x7b /tmp/ccbmZzVa.debug.temp.o
 .debug_line    0x000000000000329b       0x51 /tmp/ccbeXtJj.debug.temp.o
 .debug_line    0x00000000000032ec       0x8a /tmp/ccbo4bC0.debug.temp.o
 .debug_line    0x0000000000003376       0xac /tmp/ccDkiYS2.debug.temp.o
 .debug_line    0x0000000000003422       0xac /tmp/cczgWJzn.debug.temp.o
 .debug_line    0x00000000000034ce       0x93 /tmp/cc9aCwk7.debug.temp.o
 .debug_line    0x0000000000003561       0x70 /tmp/cctZ1SZH.debug.temp.o

.debug_str      0x0000000000000000     0x4b89
 .debug_str     0x0000000000000000      0x178 /tmp/ccAv61N3.ltrans0.ltrans.o
                                        0x18a (size before relaxing)
 .debug_str     0x0000000000000178      0x39d /tmp/ccF12GoR.debug.temp.o
                                        0x463 (size before relaxing)
 .debug_str     0x0000000000000515     0x1c57 /tmp/ccZVWjTc.debug.temp.o
                                       0x22eb (size before relaxing)
 .debug_str     0x000000000000216c      0x7b1 /tmp/ccr0LyxI.debug.temp.o
                                       0x1bd0 (size before relaxing)
 .debug_str     0x000000000000291d       0x42 /tmp/ccjyPnit.debug.temp.o
                                        0x25f (size before relaxing)
 .debug_str     0x000000000000295f       0x1e /tmp/ccFn2KjD.debug.temp.o
                                        0x23a (size before relaxing)
 .debug_str     0x000000000000297d       0x29 /tmp/ccHQH8II.debug.temp.o
                                        0x20e (size before relaxing)
 .debug_str     0x00000000000029a6      0x3bf /tmp/ccVLo0i9.debug.temp.o
                                        0x7ee (size before relaxing)
 .debug_str     0x0000000000002d65      0x1da /tmp/cchHuDue.debug.temp.o
                                        0x6b1 (size before relaxing)
 .debug_str     0x0000000000002f3f      0x15c /tmp/cc9iCBd8.debug.temp.o
                                        0x387 (size before relaxing)
 .debug_str     0x000000000000309b       0x94 /tmp/cctlqRL2.debug.temp.o
                                        0x2bb (size before relaxing)
 .debug_str     0x000000000000312f       0x3f /tmp/cct194Tt.debug.temp.o
                                        0x249 (size before relaxing)
 .debug_str     0x000000000000316e       0x13 /tmp/ccp5qU41.debug.temp.o
                                        0x235 (size before relaxing)
 .debug_str     0x0000000000003181        0x8 /tmp/cc1sIQa1.debug.temp.o
                                        0x257 (size before relaxing)
 .debug_str     0x0000000000003189       0x32 /tmp/ccZDWfPl.debug.temp.o
                                        0x24d (size before relaxing)
 .debug_str     0x00000000000031bb       0xc8 /tmp/ccLuiUph.debug.temp.o
                                        0x339 (size before relaxing)
 .debug_str     0x0000000000003283       0x4d /tmp/cchzldMt.debug.temp.o
                                        0x272 (size before relaxing)
 .debug_str     0x00000000000032d0      0x25c /tmp/ccVhhzx4.debug.temp.o
                                        0x628 (size before relaxing)
 .debug_str     0x000000000000352c      0x147 /tmp/cc71ywND.debug.temp.o
                                        0x426 (size before relaxing)
 .debug_str     0x0000000000003673       0xb6 /tmp/ccRRpklv.debug.temp.o
                                       0x1588 (size before relaxing)
 .debug_str     0x0000000000003729       0x30 /tmp/ccX2Coi3.debug.temp.o
                                       0x13aa (size before relaxing)
 .debug_str     0x0000000000003759     0x1383 /tmp/ccZxLkgl.debug.temp.o
 .debug_str     0x0000000000003759      0x21e /tmp/ccXSsetU.debug.temp.o
                                        0xfae (size before relaxing)
 .debug_str     0x0000000000003977     0x1379 /tmp/ccrQHNgE.debug.temp.o
 .debug_str     0x0000000000003977      0x2d0 /tmp/ccbmZzVa.debug.temp.o
                                        0x6a0 (size before relaxing)
 .debug_str     0x0000000000003c47       0xdd /tmp/ccbeXtJj.debug.temp.o
                                        0x5bf (size before relaxing)
 .debug_str     0x0000000000003d24      0x232 /tmp/ccbo4bC0.debug.temp.o
                                       0x11e1 (size before relaxing)
 .debug_str     0x0000000000003f56      0x4e0 /tmp/ccDkiYS2.debug.temp.o
                                       0x1cdb (size before relaxing)
 .debug_str     0x0000000000004436      0x5c4 /tmp/cczgWJzn.debug.temp.o
                                       0x1c45 (size before relaxing)
 .debug_str     0x00000000000049fa       0xab /tmp/cc9aCwk7.debug.temp.o
                                       0x1511 (size before relaxing)
 .debug_str     0x0000000000004aa5       0xe4 /tmp/cctZ1SZH.debug.temp.o
                                        0x48a (size before relaxing)

.debug_line_str
                0x0000000000000000     0x1868
 .debug_line_str
                0x0000000000000000      0x3ed /tmp/ccAv61N3.ltrans0.ltrans.o
                                        0x629 (size before relaxing)
 .debug_line_str
                0x00000000000003ed      0x193 /tmp/ccF12GoR.debug.temp.o
                                        0x245 (size before relaxing)
 .debug_line_str
                0x0000000000000580      0x1ca /tmp/ccZVWjTc.debug.temp.o
                                        0x439 (size before relaxing)
 .debug_line_str
                0x000000000000074a       0xc5 /tmp/ccr0LyxI.debug.temp.o
                                        0x32b (size before relaxing)
 .debug_line_str
                0x000000000000080f       0x95 /tmp/ccjyPnit.debug.temp.o
                                        0x156 (size before relaxing)
 .debug_line_str
                0x00000000000008a4       0x51 /tmp/ccFn2KjD.debug.temp.o
                                        0x163 (size before relaxing)
 .debug_line_str
                0x00000000000008f5       0x40 /tmp/ccHQH8II.debug.temp.o
                                        0x153 (size before relaxing)
 .debug_line_str
                0x0000000000000935       0x9e /tmp/ccVLo0i9.debug.temp.o
                                        0x219 (size before relaxing)
 .debug_line_str
                0x00000000000009d3       0x3b /tmp/cchHuDue.debug.temp.o
                                        0x1ee (size before relaxing)
 .debug_line_str
                0x0000000000000a0e       0x3b /tmp/cc9iCBd8.debug.temp.o
                                        0x149 (size before relaxing)
 .debug_line_str
                0x0000000000000a49       0x3e /tmp/cctlqRL2.debug.temp.o
                                        0x15a (size before relaxing)
 .debug_line_str
                0x0000000000000a87       0xa6 /tmp/cct194Tt.debug.temp.o
                                        0x161 (size before relaxing)
 .debug_line_str
                0x0000000000000b2d       0x5b /tmp/ccp5qU41.debug.temp.o
                                        0x184 (size before relaxing)
 .debug_line_str
                0x0000000000000b88       0x48 /tmp/cc1sIQa1.debug.temp.o
                                        0x192 (size before relaxing)
 .debug_line_str
                0x0000000000000bd0       0x49 /tmp/ccZDWfPl.debug.temp.o
                                        0x184 (size before relaxing)
 .debug_line_str
                0x0000000000000c19       0x48 /tmp/ccLuiUph.debug.temp.o
                                        0x145 (size before relaxing)
 .debug_line_str
                0x0000000000000c61       0x42 /tmp/cchzldMt.debug.temp.o
                                        0x127 (size before relaxing)
 .debug_line_str
                0x0000000000000ca3      0x129 /tmp/ccVhhzx4.debug.temp.o
                                        0x233 (size before relaxing)
 .debug_line_str
                0x0000000000000dcc       0x42 /tmp/cc71ywND.debug.temp.o
                                        0x1a6 (size before relaxing)
 .debug_line_str
                0x0000000000000e0e      0x151 /tmp/ccRRpklv.debug.temp.o
                                        0x317 (size before relaxing)
 .debug_line_str
                0x0000000000000f5f       0x53 /tmp/ccX2Coi3.debug.temp.o
                                        0x23d (size before relaxing)
 .debug_line_str
                0x0000000000000fb2       0xd9 /tmp/ccZxLkgl.debug.temp.o
                                        0x2b7 (size before relaxing)
 .debug_line_str
                0x000000000000108b       0xd1 /tmp/ccXSsetU.debug.temp.o
                                        0x29a (size before relaxing)
 .debug_line_str
                0x000000000000115c       0xe5 /tmp/ccrQHNgE.debug.temp.o
                                        0x2ae (size before relaxing)
 .debug_line_str
                0x0000000000001241      0x132 /tmp/ccbmZzVa.debug.temp.o
                                        0x2c7 (size before relaxing)
 .debug_line_str
                0x0000000000001373       0x64 /tmp/ccbeXtJj.debug.temp.o
                                        0x19f (size before relaxing)
 .debug_line_str
                0x00000000000013d7       0xa5 /tmp/ccbo4bC0.debug.temp.o
                                        0x283 (size before relaxing)
 .debug_line_str
                0x000000000000147c      0x152 /tmp/ccDkiYS2.debug.temp.o
                                        0x351 (size before relaxing)
 .debug_line_str
                0x00000000000015ce       0x6d /tmp/cczgWJzn.debug.temp.o
                                        0x335 (size before relaxing)
 .debug_line_str
                0x000000000000163b      0x14c /tmp/cc9aCwk7.debug.temp.o
                                        0x33f (size before relaxing)
 .debug_line_str
                0x0000000000001787       0xe1 /tmp/cctZ1SZH.debug.temp.o
                                        0x2a7 (size before relaxing)

.debug_frame    0x0000000000000000      0xa90
 .debug_frame   0x0000000000000000      0xa90 /tmp/ccAv61N3.ltrans0.ltrans.o
