Archive member included to satisfy reference by file (symbol)

$EDK_PATH/Build/MdeModule/DEBUG_GCC5/X64/MdeModulePkg/Application/MemoryProfileInfo/MemoryProfileInfo/OUTPUT/MemoryProfileInfo.lib(MemoryProfileInfo.obj)
                              (--whole-archive)
$EDK_PATH/Build/MdeModule/DEBUG_GCC5/X64/MdeModulePkg/Application/MemoryProfileInfo/MemoryProfileInfo/OUTPUT/MemoryProfileInfo.lib(AutoGen.obj)
                              (--whole-archive)
$EDK_PATH/Build/MdeModule/DEBUG_GCC5/X64/MdePkg/Library/RegisterFilterLibNull/RegisterFilterLibNull/OUTPUT/FilterLibNull.lib(RegisterFilterLibNull.obj)
                              (--whole-archive)
$EDK_PATH/Build/MdeModule/DEBUG_GCC5/X64/MdePkg/Library/BasePcdLibNull/BasePcdLibNull/OUTPUT/BasePcdLibNull.lib(PcdLib.obj)
                              (--whole-archive)
$EDK_PATH/Build/MdeModule/DEBUG_GCC5/X64/MdePkg/Library/BaseMemoryLib/BaseMemoryLib/OUTPUT/BaseMemoryLib.lib(SetMem.obj)
                              (--whole-archive)
$EDK_PATH/Build/MdeModule/DEBUG_GCC5/X64/MdePkg/Library/BaseMemoryLib/BaseMemoryLib/OUTPUT/BaseMemoryLib.lib(ScanMem64Wrapper.obj)
                              (--whole-archive)
$EDK_PATH/Build/MdeModule/DEBUG_GCC5/X64/MdePkg/Library/BaseMemoryLib/BaseMemoryLib/OUTPUT/BaseMemoryLib.lib(ScanMem32Wrapper.obj)
                              (--whole-archive)
$EDK_PATH/Build/MdeModule/DEBUG_GCC5/X64/MdePkg/Library/BaseMemoryLib/BaseMemoryLib/OUTPUT/BaseMemoryLib.lib(ScanMem16Wrapper.obj)
                              (--whole-archive)
$EDK_PATH/Build/MdeModule/DEBUG_GCC5/X64/MdePkg/Library/BaseMemoryLib/BaseMemoryLib/OUTPUT/BaseMemoryLib.lib(ScanMem8Wrapper.obj)
                              (--whole-archive)
$EDK_PATH/Build/MdeModule/DEBUG_GCC5/X64/MdePkg/Library/BaseMemoryLib/BaseMemoryLib/OUTPUT/BaseMemoryLib.lib(ZeroMemWrapper.obj)
                              (--whole-archive)
$EDK_PATH/Build/MdeModule/DEBUG_GCC5/X64/MdePkg/Library/BaseMemoryLib/BaseMemoryLib/OUTPUT/BaseMemoryLib.lib(CompareMemWrapper.obj)
                              (--whole-archive)
$EDK_PATH/Build/MdeModule/DEBUG_GCC5/X64/MdePkg/Library/BaseMemoryLib/BaseMemoryLib/OUTPUT/BaseMemoryLib.lib(SetMem64Wrapper.obj)
                              (--whole-archive)
$EDK_PATH/Build/MdeModule/DEBUG_GCC5/X64/MdePkg/Library/BaseMemoryLib/BaseMemoryLib/OUTPUT/BaseMemoryLib.lib(SetMem32Wrapper.obj)
                              (--whole-archive)
$EDK_PATH/Build/MdeModule/DEBUG_GCC5/X64/MdePkg/Library/BaseMemoryLib/BaseMemoryLib/OUTPUT/BaseMemoryLib.lib(SetMem16Wrapper.obj)
                              (--whole-archive)
$EDK_PATH/Build/MdeModule/DEBUG_GCC5/X64/MdePkg/Library/BaseMemoryLib/BaseMemoryLib/OUTPUT/BaseMemoryLib.lib(SetMemWrapper.obj)
                              (--whole-archive)
$EDK_PATH/Build/MdeModule/DEBUG_GCC5/X64/MdePkg/Library/BaseMemoryLib/BaseMemoryLib/OUTPUT/BaseMemoryLib.lib(CopyMemWrapper.obj)
                              (--whole-archive)
$EDK_PATH/Build/MdeModule/DEBUG_GCC5/X64/MdePkg/Library/BaseMemoryLib/BaseMemoryLib/OUTPUT/BaseMemoryLib.lib(IsZeroBufferWrapper.obj)
                              (--whole-archive)
$EDK_PATH/Build/MdeModule/DEBUG_GCC5/X64/MdePkg/Library/BaseMemoryLib/BaseMemoryLib/OUTPUT/BaseMemoryLib.lib(MemLibGeneric.obj)
                              (--whole-archive)
$EDK_PATH/Build/MdeModule/DEBUG_GCC5/X64/MdePkg/Library/BaseMemoryLib/BaseMemoryLib/OUTPUT/BaseMemoryLib.lib(MemLibGuid.obj)
                              (--whole-archive)
$EDK_PATH/Build/MdeModule/DEBUG_GCC5/X64/MdePkg/Library/BaseMemoryLib/BaseMemoryLib/OUTPUT/BaseMemoryLib.lib(CopyMem.obj)
                              (--whole-archive)
$EDK_PATH/Build/MdeModule/DEBUG_GCC5/X64/MdePkg/Library/BaseLib/BaseLib/OUTPUT/BaseLib.lib(CheckSum.obj)
                              (--whole-archive)
$EDK_PATH/Build/MdeModule/DEBUG_GCC5/X64/MdePkg/Library/BaseLib/BaseLib/OUTPUT/BaseLib.lib(SwitchStack.obj)
                              (--whole-archive)
$EDK_PATH/Build/MdeModule/DEBUG_GCC5/X64/MdePkg/Library/BaseLib/BaseLib/OUTPUT/BaseLib.lib(SwapBytes64.obj)
                              (--whole-archive)
$EDK_PATH/Build/MdeModule/DEBUG_GCC5/X64/MdePkg/Library/BaseLib/BaseLib/OUTPUT/BaseLib.lib(SwapBytes32.obj)
                              (--whole-archive)
$EDK_PATH/Build/MdeModule/DEBUG_GCC5/X64/MdePkg/Library/BaseLib/BaseLib/OUTPUT/BaseLib.lib(SwapBytes16.obj)
                              (--whole-archive)
$EDK_PATH/Build/MdeModule/DEBUG_GCC5/X64/MdePkg/Library/BaseLib/BaseLib/OUTPUT/BaseLib.lib(LongJump.obj)
                              (--whole-archive)
$EDK_PATH/Build/MdeModule/DEBUG_GCC5/X64/MdePkg/Library/BaseLib/BaseLib/OUTPUT/BaseLib.lib(SetJump.obj)
                              (--whole-archive)
$EDK_PATH/Build/MdeModule/DEBUG_GCC5/X64/MdePkg/Library/BaseLib/BaseLib/OUTPUT/BaseLib.lib(QuickSort.obj)
                              (--whole-archive)
$EDK_PATH/Build/MdeModule/DEBUG_GCC5/X64/MdePkg/Library/BaseLib/BaseLib/OUTPUT/BaseLib.lib(RShiftU64.obj)
[...]
Memory Configuration

Name             Origin             Length             Attributes
*default*        0x0000000000000000 0xffffffffffffffff

Linker script and memory map

START GROUP
LOAD /tmp/cckU1srW.ltrans0.ltrans.o
LOAD /tmp/ccln3lVw.debug.temp.o
LOAD /tmp/ccBRFPq6.debug.temp.o
LOAD /tmp/ccHQcmfL.debug.temp.o
LOAD /tmp/cc301OB1.debug.temp.o
LOAD /tmp/ccTK2V26.debug.temp.o
LOAD /tmp/ccFfw2zU.debug.temp.o
LOAD /tmp/ccBDUVdr.debug.temp.o
LOAD /tmp/cc7HI5wn.debug.temp.o
LOAD /tmp/cczKwqWE.debug.temp.o
LOAD /tmp/ccttwJzU.debug.temp.o
LOAD /tmp/ccr4PA89.debug.temp.o
LOAD /tmp/cc90ovqC.debug.temp.o
LOAD /tmp/ccND5lHk.debug.temp.o
LOAD /tmp/ccxfl8Y5.debug.temp.o
LOAD /tmp/ccJr4SsL.debug.temp.o
LOAD /tmp/ccNFC0vQ.debug.temp.o
LOAD /tmp/cchx7yvI.debug.temp.o
LOAD /tmp/ccx1gAks.debug.temp.o
LOAD /tmp/ccpBNR4l.debug.temp.o
LOAD /tmp/cc9GH6Jh.debug.temp.o
LOAD /tmp/ccBVs4t2.debug.temp.o
LOAD /tmp/cchBHi08.debug.temp.o
LOAD /tmp/ccXWueog.debug.temp.o
LOAD /tmp/ccZhVw2Q.debug.temp.o
LOAD /tmp/ccRlCbp5.debug.temp.o
LOAD /tmp/ccTKzfnx.debug.temp.o
LOAD /tmp/ccTYXsYJ.debug.temp.o
LOAD /tmp/ccn4PfVz.debug.temp.o
LOAD /tmp/ccTwewz8.debug.temp.o
LOAD /tmp/ccDG6Zjj.debug.temp.o
LOAD /tmp/cchVliBZ.debug.temp.o
LOAD /tmp/ccNzOPJX.debug.temp.o
LOAD /tmp/cctlLpRm.debug.temp.o
LOAD /tmp/cclxBSh6.debug.temp.o
LOAD /tmp/cchND1oH.debug.temp.o
LOAD /tmp/ccNRiJje.debug.temp.o
LOAD /tmp/ccnOAhEn.debug.temp.o
LOAD /tmp/ccrEDPMN.debug.temp.o
LOAD /tmp/ccnIYZAR.debug.temp.o
LOAD /tmp/cctNkYGa.debug.temp.o
LOAD /tmp/ccXyTzGX.debug.temp.o
LOAD /tmp/ccLiaPlq.debug.temp.o
LOAD /tmp/ccbc4gig.debug.temp.o
LOAD /tmp/ccZFx5qP.debug.temp.o
LOAD /tmp/ccFpkG6j.debug.temp.o
LOAD /tmp/ccFrfEBi.debug.temp.o
LOAD /tmp/ccpLSPNU.debug.temp.o
LOAD /tmp/cc1ESJHP.debug.temp.o
LOAD /tmp/cc1CPE1U.debug.temp.o
LOAD /tmp/ccXopCiq.debug.temp.o
LOAD /tmp/ccDFyIDD.debug.temp.o
LOAD /tmp/ccbMu3Uc.debug.temp.o
LOAD /tmp/ccfg0T6N.debug.temp.o
LOAD /tmp/ccDsOIE3.debug.temp.o
LOAD /tmp/cch94wbU.debug.temp.o
LOAD /tmp/ccnEESsI.debug.temp.o
LOAD /tmp/ccpR8Ce7.debug.temp.o
LOAD /tmp/cc1q9Y4u.debug.temp.o
LOAD /tmp/cczsFhCi.debug.temp.o
LOAD /tmp/ccnGoHvm.debug.temp.o
LOAD /tmp/ccneD9Z0.debug.temp.o
LOAD /tmp/cc3Hjnee.debug.temp.o
LOAD /tmp/ccL0sfvB.debug.temp.o
LOAD /tmp/ccPI578D.debug.temp.o
LOAD /tmp/ccSwIGun.debug.temp.o
LOAD /tmp/ccpDvGxv.debug.temp.o
LOAD /tmp/ccBVao1f.debug.temp.o
LOAD /tmp/ccb6PAYq.debug.temp.o
LOAD /tmp/ccljJ8AX.debug.temp.o
LOAD /tmp/ccVfI6zX.debug.temp.o
LOAD /tmp/ccPo3TzE.debug.temp.o
LOAD /tmp/ccnCIMg7.debug.temp.o
LOAD /tmp/cczoIDKH.debug.temp.o
LOAD /tmp/ccHqoVLa.debug.temp.o
LOAD /tmp/ccZdpfkq.debug.temp.o
LOAD /tmp/ccrEInp4.debug.temp.o
LOAD /tmp/ccJJT5fU.debug.temp.o
LOAD /tmp/ccD01kjC.debug.temp.o
LOAD /tmp/ccbGjwfK.debug.temp.o
LOAD /tmp/ccJ7bBTB.debug.temp.o
LOAD /tmp/ccN5R8pq.debug.temp.o
LOAD /tmp/ccz4pdGb.debug.temp.o
LOAD /tmp/ccNTu9Lk.debug.temp.o
LOAD /tmp/ccFld2Fk.debug.temp.o
LOAD /tmp/ccPgrdyn.debug.temp.o
LOAD /tmp/ccXcxWqB.debug.temp.o
LOAD /tmp/cch9r1DL.debug.temp.o
LOAD /tmp/ccmiZij0.debug.temp.o
LOAD /tmp/ccrIKDpW.debug.temp.o
LOAD /tmp/ccd9Dz9x.debug.temp.o
LOAD /tmp/ccNp7PGz.debug.temp.o
LOAD /tmp/ccLIY2c4.debug.temp.o
LOAD /tmp/ccddpSLm.debug.temp.o
LOAD /tmp/ccLa73aF.debug.temp.o
LOAD /tmp/ccXI1tjy.debug.temp.o
LOAD /tmp/ccP4BeDz.debug.temp.o
LOAD /tmp/ccf6KcCs.debug.temp.o
LOAD /tmp/ccbINppx.debug.temp.o
LOAD /tmp/ccfwFVlZ.debug.temp.o
LOAD /tmp/ccxlNA1Q.debug.temp.o
LOAD /tmp/ccln4bZk.debug.temp.o
LOAD /tmp/ccI28HFy.debug.temp.o
LOAD $EDK_PATH/Build/MdeModule/DEBUG_GCC5/X64/MdeModulePkg/Application/MemoryProfileInfo/MemoryProfileInfo/OUTPUT/MemoryProfileInfo.lib
LOAD $EDK_PATH/Build/MdeModule/DEBUG_GCC5/X64/MdePkg/Library/RegisterFilterLibNull/RegisterFilterLibNull/OUTPUT/FilterLibNull.lib
LOAD $EDK_PATH/Build/MdeModule/DEBUG_GCC5/X64/MdePkg/Library/BasePcdLibNull/BasePcdLibNull/OUTPUT/BasePcdLibNull.lib
LOAD $EDK_PATH/Build/MdeModule/DEBUG_GCC5/X64/MdePkg/Library/BaseMemoryLib/BaseMemoryLib/OUTPUT/BaseMemoryLib.lib
LOAD $EDK_PATH/Build/MdeModule/DEBUG_GCC5/X64/MdePkg/Library/BaseLib/BaseLib/OUTPUT/BaseLib.lib
LOAD $EDK_PATH/Build/MdeModule/DEBUG_GCC5/X64/MdePkg/Library/BaseDebugPrintErrorLevelLib/BaseDebugPrintErrorLevelLib/OUTPUT/BaseDebugPrintErrorLevelLib.lib
LOAD $EDK_PATH/Build/MdeModule/DEBUG_GCC5/X64/MdePkg/Library/BasePrintLib/BasePrintLib/OUTPUT/BasePrintLib.lib
LOAD $EDK_PATH/Build/MdeModule/DEBUG_GCC5/X64/MdePkg/Library/UefiDebugLibStdErr/UefiDebugLibStdErr/OUTPUT/UefiDebugLibStdErr.lib
LOAD $EDK_PATH/Build/MdeModule/DEBUG_GCC5/X64/MdePkg/Library/UefiBootServicesTableLib/UefiBootServicesTableLib/OUTPUT/UefiBootServicesTableLib.lib
LOAD $EDK_PATH/Build/MdeModule/DEBUG_GCC5/X64/MdePkg/Library/UefiMemoryAllocationLib/UefiMemoryAllocationLib/OUTPUT/UefiMemoryAllocationLib.lib
LOAD $EDK_PATH/Build/MdeModule/DEBUG_GCC5/X64/MdePkg/Library/UefiDevicePathLib/UefiDevicePathLib/OUTPUT/UefiDevicePathLib.lib
LOAD $EDK_PATH/Build/MdeModule/DEBUG_GCC5/X64/MdePkg/Library/UefiRuntimeServicesTableLib/UefiRuntimeServicesTableLib/OUTPUT/UefiRuntimeServicesTableLib.lib
LOAD $EDK_PATH/Build/MdeModule/DEBUG_GCC5/X64/MdePkg/Library/UefiLib/UefiLib/OUTPUT/UefiLib.lib
LOAD $EDK_PATH/Build/MdeModule/DEBUG_GCC5/X64/MdePkg/Library/DxeHobLib/DxeHobLib/OUTPUT/DxeHobLib.lib
LOAD $EDK_PATH/Build/MdeModule/DEBUG_GCC5/X64/MdePkg/Library/UefiApplicationEntryPoint/UefiApplicationEntryPoint/OUTPUT/UefiApplicationEntryPoint.lib
LOAD $EDK_PATH/Build/MdeModule/DEBUG_GCC5/X64/MdePkg/Library/DxeServicesLib/DxeServicesLib/OUTPUT/DxeServicesLib.lib
END GROUP
                0x0000000000000228                PECOFF_HEADER_SIZE = 0x228
                0x0000000000000228                . = PECOFF_HEADER_SIZE

.text           0x0000000000000240     0x5e06
 *(.text .text.* .stub .gnu.linkonce.t.*)
 .text.AsciiStrnLenS
                0x0000000000000240       0x26 /tmp/cckU1srW.ltrans0.ltrans.o
 .text.BasePrintLibFillBuffer
                0x0000000000000266       0x2d /tmp/cckU1srW.ltrans0.ltrans.o
 .text.DebugPrintEnabled
                0x0000000000000293        0x3 /tmp/cckU1srW.ltrans0.ltrans.o
 .text.ExitBootServicesCallback
                0x0000000000000296        0xc /tmp/cckU1srW.ltrans0.ltrans.o
 .text.InternalAllocatePool.constprop.0
                0x00000000000002a2       0x35 /tmp/cckU1srW.ltrans0.ltrans.o
 .text.BasePrintLibSPrint.constprop.0
                0x00000000000002d7       0x9b /tmp/cckU1srW.ltrans0.ltrans.o
 .text.BasePrintLibSPrintMarker.constprop.0
                0x0000000000000372      0xcba /tmp/cckU1srW.ltrans0.ltrans.o
 .text.AsciiSPrint
                0x000000000000102c       0x9d /tmp/cckU1srW.ltrans0.ltrans.o
 .text.ProfileActionToStr
                0x00000000000010c9       0x8d /tmp/cckU1srW.ltrans0.ltrans.o
 .text.UnicodeVSPrintAsciiFormat.constprop.0
                0x0000000000001156       0x94 /tmp/cckU1srW.ltrans0.ltrans.o
 .text.UnicodeSPrintAsciiFormat.constprop.0
                0x00000000000011ea       0x27 /tmp/cckU1srW.ltrans0.ltrans.o
 .text.DebugAssert.part.0
                0x0000000000001211       0x67 /tmp/cckU1srW.ltrans0.ltrans.o
 .text.DebugAssert
                0x0000000000001278        0xf /tmp/cckU1srW.ltrans0.ltrans.o
 .text.ScanMemoryProfileBySignature
                0x0000000000001287       0x49 /tmp/cckU1srW.ltrans0.ltrans.o
 .text.ZeroMem.part.0
                0x00000000000012d0       0xe9 /tmp/cckU1srW.ltrans0.ltrans.o
 .text.AllocateZeroPool
                0x00000000000013b9       0xe1 /tmp/cckU1srW.ltrans0.ltrans.o
 .text.CopyMem  0x000000000000149a      0x24e /tmp/cckU1srW.ltrans0.ltrans.o
 .text.InternalBaseLibIsListValid
                0x00000000000016e8       0x8e /tmp/cckU1srW.ltrans0.ltrans.o
 .text.InsertTailList
                0x0000000000001776       0x52 /tmp/cckU1srW.ltrans0.ltrans.o
 .text.CreateContextSummaryData
                0x00000000000017c8      0x206 /tmp/cckU1srW.ltrans0.ltrans.o
 .text.RemoveEntryList
                0x00000000000019ce       0x62 /tmp/cckU1srW.ltrans0.ltrans.o
 .text.StrnLenS
                0x0000000000001a30       0x59 /tmp/cckU1srW.ltrans0.ltrans.o
 .text.ReadUnaligned16
                0x0000000000001a89        0x4 /tmp/cckU1srW.ltrans0.ltrans.o
 .text.ReadUnaligned64
                0x0000000000001a8d       0x33 /tmp/cckU1srW.ltrans0.ltrans.o
 .text.EfiGetSystemConfigurationTable
                0x0000000000001ac0       0xae /tmp/cckU1srW.ltrans0.ltrans.o
 .text.InternalGetSectionFromFv.constprop.0
                0x0000000000001b6e      0x100 /tmp/cckU1srW.ltrans0.ltrans.o
 .text.DebugPrintMarker.constprop.0
                0x0000000000001c6e       0x67 /tmp/cckU1srW.ltrans0.ltrans.o
 .text.DebugPrint
                0x0000000000001cd5       0x9c /tmp/cckU1srW.ltrans0.ltrans.o
 .text.FreePool
                0x0000000000001d71       0x4f /tmp/cckU1srW.ltrans0.ltrans.o
 .text.GetDriverNameString
                0x0000000000001dc0      0x586 /tmp/cckU1srW.ltrans0.ltrans.o
 .text.DestroyContextSummaryData
                0x0000000000002346       0xf5 /tmp/cckU1srW.ltrans0.ltrans.o
 .text.Print    0x000000000000243b      0x158 /tmp/cckU1srW.ltrans0.ltrans.o
 .text.DumpMemoryProfileDescriptor.part.0
                0x0000000000002593       0x76 /tmp/cckU1srW.ltrans0.ltrans.o
 .text.DumpMemoryProfile
                0x0000000000002609      0x60b /tmp/cckU1srW.ltrans0.ltrans.o
 .text.DumpContextSummaryData.part.0
                0x0000000000002c14      0x1d0 /tmp/cckU1srW.ltrans0.ltrans.o
 .text._ModuleEntryPoint
                0x0000000000002de4      0x8ca /tmp/cckU1srW.ltrans0.ltrans.o
                0x0000000000002de4                _ModuleEntryPoint
 *(.rodata .rodata.* .gnu.linkonce.r.*)
 .rodata.BasePrintLibSPrintMarker.constprop.0.str1.1
                0x00000000000036ae      0x2a1 /tmp/cckU1srW.ltrans0.ltrans.o
 *fill*         0x000000000000394f        0x1 
 .rodata.BasePrintLibSPrintMarker.constprop.0
                0x0000000000003950       0xec /tmp/cckU1srW.ltrans0.ltrans.o
 .rodata.ProfileActionToStr.str1.1
                0x0000000000003a3c       0x13 /tmp/cckU1srW.ltrans0.ltrans.o
 .rodata.UnicodeSPrintAsciiFormat.constprop.0.str1.1
                0x0000000000003a4f       0x18 /tmp/cckU1srW.ltrans0.ltrans.o
 .rodata.DebugAssert.part.0.str1.1
                0x0000000000003a67       0x12 /tmp/cckU1srW.ltrans0.ltrans.o
 .rodata.ScanMemoryProfileBySignature.str1.1
                0x0000000000003a79       0x6c /tmp/cckU1srW.ltrans0.ltrans.o
 .rodata.ZeroMem.part.0.str1.1
                0x0000000000003ae5       0x7f /tmp/cckU1srW.ltrans0.ltrans.o
 .rodata.CopyMem.str1.1
                0x0000000000003b64       0xca /tmp/cckU1srW.ltrans0.ltrans.o
 .rodata.InternalBaseLibIsListValid.str1.1
                0x0000000000003c2e       0x80 /tmp/cckU1srW.ltrans0.ltrans.o
                                         0x95 (size before relaxing)
 .rodata.InsertTailList.str1.1
                0x0000000000003cae       0x26 /tmp/cckU1srW.ltrans0.ltrans.o
 .rodata.CreateContextSummaryData.str1.1
                0x0000000000003cd4       0x15 /tmp/cckU1srW.ltrans0.ltrans.o
 .rodata.RemoveEntryList.str1.1
                0x0000000000003ce9       0x15 /tmp/cckU1srW.ltrans0.ltrans.o
 .rodata.StrnLenS.str1.1
                0x0000000000003cfe       0x61 /tmp/cckU1srW.ltrans0.ltrans.o
 .rodata.ReadUnaligned64.str1.1
                0x0000000000003d5f       0x3e /tmp/cckU1srW.ltrans0.ltrans.o
 .rodata.InternalGetSectionFromFv.constprop.0.str1.1
                0x0000000000003d9d       0x63 /tmp/cckU1srW.ltrans0.ltrans.o
 .rodata.FreePool.str1.1
                0x0000000000003e00       0xaf /tmp/cckU1srW.ltrans0.ltrans.o
 .rodata.GetDriverNameString.str1.1
                0x0000000000003eaf      0x1f4 /tmp/cckU1srW.ltrans0.ltrans.o
                                        0x210 (size before relaxing)
 .rodata.Print.str1.1
                0x00000000000040a3       0xc3 /tmp/cckU1srW.ltrans0.ltrans.o
 .rodata.DumpMemoryProfileDescriptor.part.0.str2.2
                0x0000000000004166      0x1cc /tmp/cckU1srW.ltrans0.ltrans.o
 .rodata.DumpMemoryProfile.str2.2
                0x0000000000004332      0xbda /tmp/cckU1srW.ltrans0.ltrans.o
 .rodata.DumpContextSummaryData.part.0.str2.2
                0x0000000000004f0c      0x208 /tmp/cckU1srW.ltrans0.ltrans.o
                                        0x21a (size before relaxing)
 .rodata._ModuleEntryPoint.str1.1
                0x0000000000005114      0x2c2 /tmp/cckU1srW.ltrans0.ltrans.o
 .rodata._ModuleEntryPoint.str2.2
                0x00000000000053d6      0x390 /tmp/cckU1srW.ltrans0.ltrans.o
 *fill*         0x0000000000005766        0xa 
 .rodata.mHexStr
                0x0000000000005770       0x10 /tmp/cckU1srW.ltrans0.ltrans.o
 .rodata.mWarningString
                0x0000000000005780       0xc8 /tmp/cckU1srW.ltrans0.ltrans.o
 *fill*         0x0000000000005848       0x18 
 .rodata.mErrorString
                0x0000000000005860      0x2df /tmp/cckU1srW.ltrans0.ltrans.o
 .rodata.str1.1
                0x0000000000005b3f      0x4d2 /tmp/cckU1srW.ltrans0.ltrans.o
                                        0x4ed (size before relaxing)
 *fill*         0x0000000000006011        0x7 
 .rodata.__func__.14
                0x0000000000006018        0xe /tmp/cckU1srW.ltrans0.ltrans.o
 *fill*         0x0000000000006026        0xa 
 .rodata.__func__.7
                0x0000000000006030       0x16 /tmp/cckU1srW.ltrans0.ltrans.o
 *(.got .got.*)
 .got           0x0000000000006046        0x0 MemoryProfileInfo.obj (symbol from plugin)
 .got.plt       0x0000000000006046        0x0 MemoryProfileInfo.obj (symbol from plugin)
 *:AutoGen.obj(.data.g*Guid)

.plt            0x0000000000006050        0x0
 .plt           0x0000000000006050        0x0 MemoryProfileInfo.obj (symbol from plugin)

.plt.got        0x0000000000006048        0x0
 .plt.got       0x0000000000006048        0x0 MemoryProfileInfo.obj (symbol from plugin)

.data           0x0000000000006080      0x4c1
 *(.data .data.* .gnu.linkonce.d.*)
 .data.gEfiHobListGuid
                0x0000000000006080       0x10 /tmp/cckU1srW.ltrans0.ltrans.o
 .data.gEdkiiMemoryProfileGuid
                0x0000000000006090       0x10 /tmp/cckU1srW.ltrans0.ltrans.o
 .data.gEdkiiPiSmmCommunicationRegionTableGuid
                0x00000000000060a0       0x10 /tmp/cckU1srW.ltrans0.ltrans.o
 .data.gEfiSmmCommunicationProtocolGuid
                0x00000000000060b0       0x10 /tmp/cckU1srW.ltrans0.ltrans.o
 .data.rel.local.mImageSummaryQueue
                0x00000000000060c0       0x10 /tmp/cckU1srW.ltrans0.ltrans.o
 *fill*         0x00000000000060d0       0x10 
 .data.rel.ro.local.mFileTypeString
                0x00000000000060e0       0x70 /tmp/cckU1srW.ltrans0.ltrans.o
 *fill*         0x0000000000006150       0x10 
 .data.rel.ro.local.mSubsystemString
                0x0000000000006160       0x80 /tmp/cckU1srW.ltrans0.ltrans.o
 .data.rel.ro.local.mMemoryTypeString
                0x00000000000061e0       0x88 /tmp/cckU1srW.ltrans0.ltrans.o
 *fill*         0x0000000000006268        0x8 
 .data.mUserDefinedActionString
                0x0000000000006270       0x17 /tmp/cckU1srW.ltrans0.ltrans.o
 *fill*         0x0000000000006287       0x19 
 .data.rel.ro.local.mExtActionString
                0x00000000000062a0      0x150 /tmp/cckU1srW.ltrans0.ltrans.o
 *fill*         0x00000000000063f0       0x10 
 .data.rel.local.mActionString
                0x0000000000006400       0x28 /tmp/cckU1srW.ltrans0.ltrans.o
 *fill*         0x0000000000006428       0x18 
 .data.rel.local.mSmmActionString
                0x0000000000006440       0x28 /tmp/cckU1srW.ltrans0.ltrans.o
 *fill*         0x0000000000006468        0x8 
 .data.gEfiLoadedImageProtocolGuid
                0x0000000000006470       0x10 /tmp/cckU1srW.ltrans0.ltrans.o
 .data.gEfiFirmwareVolume2ProtocolGuid
                0x0000000000006480       0x10 /tmp/cckU1srW.ltrans0.ltrans.o
 .data.rel.ro   0x0000000000006490        0x0 MemoryProfileInfo.obj (symbol from plugin)
 *(.bss .bss.*)
 .bss.gRT       0x0000000000006490        0x8 /tmp/cckU1srW.ltrans0.ltrans.o
 .bss.mHobList  0x0000000000006498        0x8 /tmp/cckU1srW.ltrans0.ltrans.o
 .bss.mExitBootServicesEvent
                0x00000000000064a0        0x8 /tmp/cckU1srW.ltrans0.ltrans.o
 .bss.gST       0x00000000000064a8        0x8 /tmp/cckU1srW.ltrans0.ltrans.o
 .bss.mDebugST  0x00000000000064b0        0x8 /tmp/cckU1srW.ltrans0.ltrans.o
 .bss.mPostEBS  0x00000000000064b8        0x1 /tmp/cckU1srW.ltrans0.ltrans.o
 *fill*         0x00000000000064b9        0x7 
 .bss.mMemoryProfileContextSummary
                0x00000000000064c0       0x18 /tmp/cckU1srW.ltrans0.ltrans.o
 .bss.gBS       0x00000000000064d8        0x8 /tmp/cckU1srW.ltrans0.ltrans.o
 .bss.gImageHandle
                0x00000000000064e0        0x8 /tmp/cckU1srW.ltrans0.ltrans.o
 *fill*         0x00000000000064e8       0x18 
 .bss.mNameString
                0x0000000000006500       0x41 /tmp/cckU1srW.ltrans0.ltrans.o

.eh_frame       0x0000000000006580        0x0
 *(.eh_frame)
 .eh_frame      0x0000000000006580        0x0 MemoryProfileInfo.obj (symbol from plugin)
 .eh_frame      0x0000000000006580        0x0 MemoryProfileInfo.obj (symbol from plugin)

.dynbss         0x0000000000006580        0x0
 .dynbss        0x0000000000006580        0x0 MemoryProfileInfo.obj (symbol from plugin)

.gnu.version_d  0x0000000000006580        0x0
 .gnu.version_d
                0x0000000000006580        0x0 MemoryProfileInfo.obj (symbol from plugin)

.gnu.version    0x0000000000006580        0x0
 .gnu.version   0x0000000000006580        0x0 MemoryProfileInfo.obj (symbol from plugin)

.gnu.version_r  0x0000000000006580        0x0
 .gnu.version_r
                0x0000000000006580        0x0 MemoryProfileInfo.obj (symbol from plugin)

.rela           0x0000000000006580      0x780
 *(.rela .rela.*)
 .rela.plt      0x0000000000006580        0x0 MemoryProfileInfo.obj (symbol from plugin)
 .rela.got      0x0000000000006580        0x0 MemoryProfileInfo.obj (symbol from plugin)
 .rela.bss      0x0000000000006580        0x0 MemoryProfileInfo.obj (symbol from plugin)
 .rela.data.rel.ro
                0x0000000000006580        0x0 MemoryProfileInfo.obj (symbol from plugin)
 .rela.ifunc    0x0000000000006580        0x0 MemoryProfileInfo.obj (symbol from plugin)
 .rela.data.rel.local.mImageSummaryQueue
                0x0000000000006580       0x30 MemoryProfileInfo.obj (symbol from plugin)
 .rela.data.rel.ro.local.mFileTypeString
                0x00000000000065b0      0x150 MemoryProfileInfo.obj (symbol from plugin)
 .rela.data.rel.ro.local.mSubsystemString
                0x0000000000006700      0x180 MemoryProfileInfo.obj (symbol from plugin)
 .rela.data.rel.ro.local.mMemoryTypeString
                0x0000000000006880      0x198 MemoryProfileInfo.obj (symbol from plugin)
 .rela.data.rel.ro.local.mExtActionString
                0x0000000000006a18      0x1f8 MemoryProfileInfo.obj (symbol from plugin)
 .rela.data.rel.local.mActionString
                0x0000000000006c10       0x78 MemoryProfileInfo.obj (symbol from plugin)
 .rela.data.rel.local.mSmmActionString
                0x0000000000006c88       0x78 MemoryProfileInfo.obj (symbol from plugin)

.hii
 *(.hii)

.got            0x0000000000006d00        0x0
 *(.got)
                0x0000000000000001                ASSERT ((SIZEOF (.got) == 0x0), Unexpected GOT entries detected!)

.got.plt        0x0000000000006d00        0x0
 *(.got.plt)
                0x0000000000000001                ASSERT ((((SIZEOF (.got.plt) == 0x0) || (SIZEOF (.got.plt) == 0xc)) || (SIZEOF (.got.plt) == 0x18)), Unexpected GOT/PLT entries detected!)

.build-id       0x0000000000006d00       0x24
 *(.note.gnu.build-id)
 .note.gnu.build-id
                0x0000000000006d00       0x24 MemoryProfileInfo.obj (symbol from plugin)

/DISCARD/
 *(.note.GNU-stack)
 *(.gnu_debuglink)
 *(.interp)
 *(.dynsym)
 *(.dynstr)
 *(.dynamic)
 *(.hash .gnu.hash)
 *(.comment)
OUTPUT($EDK_PATH/Build/MdeModule/DEBUG_GCC5/X64/MdeModulePkg/Application/MemoryProfileInfo/MemoryProfileInfo/DEBUG/MemoryProfileInfo.dll elf64-x86-64)

.debug_info     0x0000000000000000    0x1e135
 .debug_info    0x0000000000000000     0x457d /tmp/cckU1srW.ltrans0.ltrans.o
 .debug_info    0x000000000000457d     0x29ee /tmp/ccln3lVw.debug.temp.o
                0x000000000000457d                MemoryProfileInfo.c.c7b7c9c7
 .debug_info    0x0000000000006f6b     0x1d57 /tmp/ccBRFPq6.debug.temp.o
                0x0000000000006f6b                AutoGen.c.5a1fbd21
 .debug_info    0x0000000000008cc2      0x136 /tmp/ccTK2V26.debug.temp.o
                0x0000000000008cc2                SetMem.c.936b7c3a
 .debug_info    0x0000000000008df8      0x104 /tmp/ccttwJzU.debug.temp.o
                0x0000000000008df8                ZeroMemWrapper.c.9700a07f
 .debug_info    0x0000000000008efc      0x119 /tmp/ccNFC0vQ.debug.temp.o
                0x0000000000008efc                CopyMemWrapper.c.8b4b563b
 .debug_info    0x0000000000009015      0x32b /tmp/ccx1gAks.debug.temp.o
                0x0000000000009015                MemLibGeneric.c.06c615eb
 .debug_info    0x0000000000009340      0x273 /tmp/ccpBNR4l.debug.temp.o
                0x0000000000009340                MemLibGuid.c.1f251fbd
 .debug_info    0x00000000000095b3      0x154 /tmp/cc9GH6Jh.debug.temp.o
                0x00000000000095b3                CopyMem.c.26d266e6
 .debug_info    0x0000000000009707      0x1a7 /tmp/ccTYXsYJ.debug.temp.o
                0x0000000000009707                SetJump.c.17479354
 .debug_info    0x00000000000098ae       0xa8 /tmp/ccDFyIDD.debug.temp.o
                0x00000000000098ae                CpuDeadLoop.c.3e3c2621
 .debug_info    0x0000000000009956      0x327 /tmp/ccfg0T6N.debug.temp.o
                0x0000000000009956                LinkedList.c.d5c27453
 .debug_info    0x0000000000009c7d     0x1098 /tmp/ccDsOIE3.debug.temp.o
                0x0000000000009c7d                SafeString.c.b25f47d2
 .debug_info    0x000000000000ad15      0x7a9 /tmp/cch94wbU.debug.temp.o
                0x000000000000ad15                String.c.1537a5d8
 .debug_info    0x000000000000b4be      0x228 /tmp/ccnGoHvm.debug.temp.o
                0x000000000000b4be                Unaligned.c.f3fe8d54
 .debug_info    0x000000000000b6e6      0x764 /tmp/ccN5R8pq.debug.temp.o
                0x000000000000b6e6                PrintLibInternal.c.4c4cda6c
 .debug_info    0x000000000000be4a      0x588 /tmp/ccz4pdGb.debug.temp.o
                0x000000000000be4a                PrintLib.c.a1cf8c1f
 .debug_info    0x000000000000c3d2     0x19b1 /tmp/ccNTu9Lk.debug.temp.o
                0x000000000000c3d2                DebugLib.c.b7ff6f01
 .debug_info    0x000000000000dd83     0x177c /tmp/ccFld2Fk.debug.temp.o
                0x000000000000dd83                DebugLibConstructor.c.c097f0c9
 .debug_info    0x000000000000f4ff     0x1787 /tmp/ccPgrdyn.debug.temp.o
                0x000000000000f4ff                UefiBootServicesTableLib.c.5ed2f1bc
 .debug_info    0x0000000000010c86     0x1366 /tmp/ccXcxWqB.debug.temp.o
                0x0000000000010c86                MemoryAllocationLib.c.713725c3
 .debug_info    0x0000000000011fec     0x175e /tmp/ccLIY2c4.debug.temp.o
                0x0000000000011fec                UefiRuntimeServicesTableLib.c.9a4104ed
 .debug_info    0x000000000001374a     0x2531 /tmp/ccddpSLm.debug.temp.o
                0x000000000001374a                UefiLibPrint.c.f9ff8a70
 .debug_info    0x0000000000015c7b     0x25bc /tmp/ccf6KcCs.debug.temp.o
                0x0000000000015c7b                UefiLib.c.81c9aba8
 .debug_info    0x0000000000018237     0x20fc /tmp/ccfwFVlZ.debug.temp.o
                0x0000000000018237                HobLib.c.f0f6de48
 .debug_info    0x000000000001a333     0x17d7 /tmp/ccxlNA1Q.debug.temp.o
                0x000000000001a333                ApplicationEntryPoint.c.de4f3229
 .debug_info    0x000000000001bb0a     0x262b /tmp/ccln4bZk.debug.temp.o
                0x000000000001bb0a                DxeServicesLib.c.829f077e

.debug_abbrev   0x0000000000000000     0x2e50
 .debug_abbrev  0x0000000000000000      0x212 /tmp/cckU1srW.ltrans0.ltrans.o
 .debug_abbrev  0x0000000000000212      0x303 /tmp/ccln3lVw.debug.temp.o
 .debug_abbrev  0x0000000000000515      0x2d7 /tmp/ccBRFPq6.debug.temp.o
 .debug_abbrev  0x00000000000007ec       0xa1 /tmp/ccTK2V26.debug.temp.o
 .debug_abbrev  0x000000000000088d       0xb8 /tmp/ccttwJzU.debug.temp.o
 .debug_abbrev  0x0000000000000945       0xbe /tmp/ccNFC0vQ.debug.temp.o
 .debug_abbrev  0x0000000000000a03       0xf0 /tmp/ccx1gAks.debug.temp.o
 .debug_abbrev  0x0000000000000af3      0x107 /tmp/ccpBNR4l.debug.temp.o
 .debug_abbrev  0x0000000000000bfa       0x8f /tmp/cc9GH6Jh.debug.temp.o
 .debug_abbrev  0x0000000000000c89       0xe0 /tmp/ccTYXsYJ.debug.temp.o
 .debug_abbrev  0x0000000000000d69       0x71 /tmp/ccDFyIDD.debug.temp.o
 .debug_abbrev  0x0000000000000dda      0x141 /tmp/ccfg0T6N.debug.temp.o
 .debug_abbrev  0x0000000000000f1b      0x1c7 /tmp/ccDsOIE3.debug.temp.o
 .debug_abbrev  0x00000000000010e2      0x157 /tmp/cch94wbU.debug.temp.o
 .debug_abbrev  0x0000000000001239       0xb6 /tmp/ccnGoHvm.debug.temp.o
 .debug_abbrev  0x00000000000012ef      0x19f /tmp/ccN5R8pq.debug.temp.o
 .debug_abbrev  0x000000000000148e      0x15a /tmp/ccz4pdGb.debug.temp.o
 .debug_abbrev  0x00000000000015e8      0x287 /tmp/ccNTu9Lk.debug.temp.o
 .debug_abbrev  0x000000000000186f      0x1d5 /tmp/ccFld2Fk.debug.temp.o
 .debug_abbrev  0x0000000000001a44      0x20a /tmp/ccPgrdyn.debug.temp.o
 .debug_abbrev  0x0000000000001c4e      0x274 /tmp/ccXcxWqB.debug.temp.o
 .debug_abbrev  0x0000000000001ec2      0x1da /tmp/ccLIY2c4.debug.temp.o
 .debug_abbrev  0x000000000000209c      0x300 /tmp/ccddpSLm.debug.temp.o
 .debug_abbrev  0x000000000000239c      0x2e9 /tmp/ccf6KcCs.debug.temp.o
 .debug_abbrev  0x0000000000002685      0x2d6 /tmp/ccfwFVlZ.debug.temp.o
 .debug_abbrev  0x000000000000295b      0x22b /tmp/ccxlNA1Q.debug.temp.o
 .debug_abbrev  0x0000000000002b86      0x2ca /tmp/ccln4bZk.debug.temp.o

.debug_loclists
                0x0000000000000000     0x3449
 .debug_loclists
                0x0000000000000000     0x3449 /tmp/cckU1srW.ltrans0.ltrans.o

.debug_aranges  0x0000000000000000      0x270
 .debug_aranges
                0x0000000000000000      0x270 /tmp/cckU1srW.ltrans0.ltrans.o

.debug_rnglists
                0x0000000000000000      0x37e
 .debug_rnglists
                0x0000000000000000      0x37e /tmp/cckU1srW.ltrans0.ltrans.o

.debug_line     0x0000000000000000     0x2f54
 .debug_line    0x0000000000000000     0x2387 /tmp/cckU1srW.ltrans0.ltrans.o
 .debug_line    0x0000000000002387       0xc8 /tmp/ccln3lVw.debug.temp.o
 .debug_line    0x000000000000244f       0x93 /tmp/ccBRFPq6.debug.temp.o
 .debug_line    0x00000000000024e2       0x4c /tmp/ccTK2V26.debug.temp.o
 .debug_line    0x000000000000252e       0x51 /tmp/ccttwJzU.debug.temp.o
 .debug_line    0x000000000000257f       0x51 /tmp/ccNFC0vQ.debug.temp.o
 .debug_line    0x00000000000025d0       0x48 /tmp/ccx1gAks.debug.temp.o
 .debug_line    0x0000000000002618       0x5a /tmp/ccpBNR4l.debug.temp.o
 .debug_line    0x0000000000002672       0x43 /tmp/cc9GH6Jh.debug.temp.o
 .debug_line    0x00000000000026b5       0x51 /tmp/ccTYXsYJ.debug.temp.o
 .debug_line    0x0000000000002706       0x4c /tmp/ccDFyIDD.debug.temp.o
 .debug_line    0x0000000000002752       0x5e /tmp/ccfg0T6N.debug.temp.o
 .debug_line    0x00000000000027b0       0x6d /tmp/ccDsOIE3.debug.temp.o
 .debug_line    0x000000000000281d       0x63 /tmp/cch94wbU.debug.temp.o
 .debug_line    0x0000000000002880       0x51 /tmp/ccnGoHvm.debug.temp.o
 .debug_line    0x00000000000028d1       0x68 /tmp/ccN5R8pq.debug.temp.o
 .debug_line    0x0000000000002939       0x5a /tmp/ccz4pdGb.debug.temp.o
 .debug_line    0x0000000000002993       0x93 /tmp/ccNTu9Lk.debug.temp.o
 .debug_line    0x0000000000002a26       0x72 /tmp/ccFld2Fk.debug.temp.o
 .debug_line    0x0000000000002a98       0x80 /tmp/ccPgrdyn.debug.temp.o
 .debug_line    0x0000000000002b18       0x7b /tmp/ccXcxWqB.debug.temp.o
 .debug_line    0x0000000000002b93       0x7b /tmp/ccLIY2c4.debug.temp.o
 .debug_line    0x0000000000002c0e       0xb6 /tmp/ccddpSLm.debug.temp.o
 .debug_line    0x0000000000002cc4       0xac /tmp/ccf6KcCs.debug.temp.o
 .debug_line    0x0000000000002d70       0x9c /tmp/ccfwFVlZ.debug.temp.o
 .debug_line    0x0000000000002e0c       0x80 /tmp/ccxlNA1Q.debug.temp.o
 .debug_line    0x0000000000002e8c       0xc8 /tmp/ccln4bZk.debug.temp.o

.debug_str      0x0000000000000000     0x5002
 .debug_str     0x0000000000000000      0x178 /tmp/cckU1srW.ltrans0.ltrans.o
                                        0x18a (size before relaxing)
 .debug_str     0x0000000000000178     0x1e82 /tmp/ccln3lVw.debug.temp.o
                                       0x219a (size before relaxing)
 .debug_str     0x0000000000001ffa      0x855 /tmp/ccBRFPq6.debug.temp.o
                                       0x1c4c (size before relaxing)
 .debug_str     0x000000000000284f       0x49 /tmp/ccTK2V26.debug.temp.o
                                        0x249 (size before relaxing)
 .debug_str     0x0000000000002898       0x13 /tmp/ccttwJzU.debug.temp.o
                                        0x235 (size before relaxing)
 .debug_str     0x00000000000028ab       0x32 /tmp/ccNFC0vQ.debug.temp.o
                                        0x24d (size before relaxing)
 .debug_str     0x00000000000028dd       0xc8 /tmp/ccx1gAks.debug.temp.o
                                        0x339 (size before relaxing)
 .debug_str     0x00000000000029a5       0xbd /tmp/ccpBNR4l.debug.temp.o
                                        0x324 (size before relaxing)
 .debug_str     0x0000000000002a62       0x4d /tmp/cc9GH6Jh.debug.temp.o
                                        0x272 (size before relaxing)
 .debug_str     0x0000000000002aaf       0x42 /tmp/ccTYXsYJ.debug.temp.o
                                        0x25f (size before relaxing)
 .debug_str     0x0000000000002af1       0x29 /tmp/ccDFyIDD.debug.temp.o
                                        0x20e (size before relaxing)
 .debug_str     0x0000000000002b1a       0xa6 /tmp/ccfg0T6N.debug.temp.o
                                        0x38b (size before relaxing)
 .debug_str     0x0000000000002bc0      0x3b1 /tmp/ccDsOIE3.debug.temp.o
                                        0x7ee (size before relaxing)
 .debug_str     0x0000000000002f71      0x1da /tmp/cch94wbU.debug.temp.o
                                        0x6b1 (size before relaxing)
 .debug_str     0x000000000000314b       0x73 /tmp/ccnGoHvm.debug.temp.o
                                        0x2bb (size before relaxing)
 .debug_str     0x00000000000031be      0x256 /tmp/ccN5R8pq.debug.temp.o
                                        0x628 (size before relaxing)
 .debug_str     0x0000000000003414      0x13b /tmp/ccz4pdGb.debug.temp.o
                                        0x426 (size before relaxing)
 .debug_str     0x000000000000354f       0xbe /tmp/ccNTu9Lk.debug.temp.o
                                       0x1588 (size before relaxing)
 .debug_str     0x000000000000360d       0x30 /tmp/ccFld2Fk.debug.temp.o
                                       0x13aa (size before relaxing)
 .debug_str     0x000000000000363d     0x1383 /tmp/ccPgrdyn.debug.temp.o
 .debug_str     0x000000000000363d      0x22f /tmp/ccXcxWqB.debug.temp.o
                                        0xfae (size before relaxing)
 .debug_str     0x000000000000386c     0x1379 /tmp/ccLIY2c4.debug.temp.o
 .debug_str     0x000000000000386c      0x71c /tmp/ccddpSLm.debug.temp.o
                                       0x1cef (size before relaxing)
 .debug_str     0x0000000000003f88      0x638 /tmp/ccf6KcCs.debug.temp.o
                                       0x1c45 (size before relaxing)
 .debug_str     0x00000000000045c0      0x52b /tmp/ccfwFVlZ.debug.temp.o
                                       0x1976 (size before relaxing)
 .debug_str     0x0000000000004aeb       0x1a /tmp/ccxlNA1Q.debug.temp.o
                                       0x13c7 (size before relaxing)
 .debug_str     0x0000000000004b05      0x4fd /tmp/ccln4bZk.debug.temp.o
                                       0x1d31 (size before relaxing)

.debug_line_str
                0x0000000000000000     0x16bf
 .debug_line_str
                0x0000000000000000      0x3d3 /tmp/cckU1srW.ltrans0.ltrans.o
                                        0x5d9 (size before relaxing)
 .debug_line_str
                0x00000000000003d3      0x302 /tmp/ccln3lVw.debug.temp.o
                                        0x450 (size before relaxing)
 .debug_line_str
                0x00000000000006d5       0xdb /tmp/ccBRFPq6.debug.temp.o
                                        0x363 (size before relaxing)
 .debug_line_str
                0x00000000000007b0       0xa6 /tmp/ccTK2V26.debug.temp.o
                                        0x161 (size before relaxing)
 .debug_line_str
                0x0000000000000856       0x5b /tmp/ccttwJzU.debug.temp.o
                                        0x184 (size before relaxing)
 .debug_line_str
                0x00000000000008b1       0x49 /tmp/ccNFC0vQ.debug.temp.o
                                        0x184 (size before relaxing)
 .debug_line_str
                0x00000000000008fa       0x48 /tmp/ccx1gAks.debug.temp.o
                                        0x145 (size before relaxing)
 .debug_line_str
                0x0000000000000942       0x45 /tmp/ccpBNR4l.debug.temp.o
                                        0x1a5 (size before relaxing)
 .debug_line_str
                0x0000000000000987       0x42 /tmp/cc9GH6Jh.debug.temp.o
                                        0x127 (size before relaxing)
 .debug_line_str
                0x00000000000009c9       0x95 /tmp/ccTYXsYJ.debug.temp.o
                                        0x156 (size before relaxing)
 .debug_line_str
                0x0000000000000a5e       0x40 /tmp/ccDFyIDD.debug.temp.o
                                        0x153 (size before relaxing)
 .debug_line_str
                0x0000000000000a9e       0x9e /tmp/ccfg0T6N.debug.temp.o
                                        0x1ec (size before relaxing)
 .debug_line_str
                0x0000000000000b3c       0x52 /tmp/ccDsOIE3.debug.temp.o
                                        0x219 (size before relaxing)
 .debug_line_str
                0x0000000000000b8e       0x3b /tmp/cch94wbU.debug.temp.o
                                        0x1ee (size before relaxing)
 .debug_line_str
                0x0000000000000bc9       0x3e /tmp/ccnGoHvm.debug.temp.o
                                        0x15a (size before relaxing)
 .debug_line_str
                0x0000000000000c07      0x129 /tmp/ccN5R8pq.debug.temp.o
                                        0x233 (size before relaxing)
 .debug_line_str
                0x0000000000000d30       0x42 /tmp/ccz4pdGb.debug.temp.o
                                        0x1a6 (size before relaxing)
 .debug_line_str
                0x0000000000000d72      0x146 /tmp/ccNTu9Lk.debug.temp.o
                                        0x317 (size before relaxing)
 .debug_line_str
                0x0000000000000eb8       0x53 /tmp/ccFld2Fk.debug.temp.o
                                        0x23d (size before relaxing)
 .debug_line_str
                0x0000000000000f0b       0xd9 /tmp/ccPgrdyn.debug.temp.o
                                        0x2b7 (size before relaxing)
 .debug_line_str
                0x0000000000000fe4       0xd1 /tmp/ccXcxWqB.debug.temp.o
                                        0x29a (size before relaxing)
 .debug_line_str
                0x00000000000010b5       0xe5 /tmp/ccLIY2c4.debug.temp.o
                                        0x2ae (size before relaxing)
 .debug_line_str
                0x000000000000119a      0x14a /tmp/ccddpSLm.debug.temp.o
                                        0x350 (size before relaxing)
 .debug_line_str
                0x00000000000012e4       0x7d /tmp/ccf6KcCs.debug.temp.o
                                        0x335 (size before relaxing)
 .debug_line_str
                0x0000000000001361      0x112 /tmp/ccfwFVlZ.debug.temp.o
                                        0x305 (size before relaxing)
 .debug_line_str
                0x0000000000001473       0xd9 /tmp/ccxlNA1Q.debug.temp.o
                                        0x2c6 (size before relaxing)
 .debug_line_str
                0x000000000000154c      0x173 /tmp/ccln4bZk.debug.temp.o
                                        0x3f7 (size before relaxing)

.debug_frame    0x0000000000000000      0x850
 .debug_frame   0x0000000000000000      0x850 /tmp/cckU1srW.ltrans0.ltrans.o
